Archive member included to satisfy reference by file (symbol)

../libopencm3//lib/libopencm3_efm32hg.a(cmu.o)
                              draw.o (cmu_periph_clock_enable)
../libopencm3//lib/libopencm3_efm32hg.a(gpio_common_hglg.o)
                              draw.o (gpio_mode_setup)
../libopencm3//lib/libopencm3_efm32hg.a(i2c_common_hglg.o)
                              draw.o (i2c_bus_freq_set)
../libopencm3//lib/libopencm3_efm32hg.a(usb.o)
                              draw.o (usbd_init)
../libopencm3//lib/libopencm3_efm32hg.a(usb_control.o)
                              draw.o (usbd_register_control_callback)
../libopencm3//lib/libopencm3_efm32hg.a(usb_standard.o)
                              draw.o (usbd_register_set_config_callback)
../libopencm3//lib/libopencm3_efm32hg.a(usb_efm32hg.o)
                              draw.o (efm32hg_usb_driver)
../libopencm3//lib/libopencm3_efm32hg.a(vector.o)
                              (reset_handler)
../libopencm3//lib/libopencm3_efm32hg.a(nvic.o)
                              draw.o (nvic_enable_irq)
../libopencm3//lib/libopencm3_efm32hg.a(usb_dwc_common.o)
                              ../libopencm3//lib/libopencm3_efm32hg.a(usb_efm32hg.o) (dwc_set_address)
/usr/local/gcc-arm-none-eabi-8-2018-q4-major/bin/../lib/gcc/arm-none-eabi/8.2.1/../../../../arm-none-eabi/lib/thumb/v6-m/nofp/libc.a(lib_a-memcpy-stub.o)
                              ../libopencm3//lib/libopencm3_efm32hg.a(usb_standard.o) (memcpy)
/usr/local/gcc-arm-none-eabi-8-2018-q4-major/bin/../lib/gcc/arm-none-eabi/8.2.1/../../../../arm-none-eabi/lib/thumb/v6-m/nofp/libc.a(lib_a-strlen-stub.o)
                              ../libopencm3//lib/libopencm3_efm32hg.a(usb_standard.o) (strlen)
/usr/local/gcc-arm-none-eabi-8-2018-q4-major/bin/../lib/gcc/arm-none-eabi/8.2.1/../../../../arm-none-eabi/lib/thumb/v6-m/nofp/libc.a(lib_a-strnlen.o)
                              draw.o (strnlen)
/usr/local/gcc-arm-none-eabi-8-2018-q4-major/bin/../lib/gcc/arm-none-eabi/8.2.1/../../../../arm-none-eabi/lib/thumb/v6-m/nofp/libc.a(lib_a-vsnprintf.o)
                              draw.o (vsnprintf)
/usr/local/gcc-arm-none-eabi-8-2018-q4-major/bin/../lib/gcc/arm-none-eabi/8.2.1/../../../../arm-none-eabi/lib/thumb/v6-m/nofp/libc.a(lib_a-impure.o)
                              /usr/local/gcc-arm-none-eabi-8-2018-q4-major/bin/../lib/gcc/arm-none-eabi/8.2.1/../../../../arm-none-eabi/lib/thumb/v6-m/nofp/libc.a(lib_a-vsnprintf.o) (_impure_ptr)
/usr/local/gcc-arm-none-eabi-8-2018-q4-major/bin/../lib/gcc/arm-none-eabi/8.2.1/../../../../arm-none-eabi/lib/thumb/v6-m/nofp/libc.a(lib_a-svfprintf.o)
                              /usr/local/gcc-arm-none-eabi-8-2018-q4-major/bin/../lib/gcc/arm-none-eabi/8.2.1/../../../../arm-none-eabi/lib/thumb/v6-m/nofp/libc.a(lib_a-vsnprintf.o) (_svfprintf_r)
/usr/local/gcc-arm-none-eabi-8-2018-q4-major/bin/../lib/gcc/arm-none-eabi/8.2.1/../../../../arm-none-eabi/lib/thumb/v6-m/nofp/libc.a(lib_a-dtoa.o)
                              /usr/local/gcc-arm-none-eabi-8-2018-q4-major/bin/../lib/gcc/arm-none-eabi/8.2.1/../../../../arm-none-eabi/lib/thumb/v6-m/nofp/libc.a(lib_a-svfprintf.o) (_dtoa_r)
/usr/local/gcc-arm-none-eabi-8-2018-q4-major/bin/../lib/gcc/arm-none-eabi/8.2.1/../../../../arm-none-eabi/lib/thumb/v6-m/nofp/libc.a(lib_a-freer.o)
                              /usr/local/gcc-arm-none-eabi-8-2018-q4-major/bin/../lib/gcc/arm-none-eabi/8.2.1/../../../../arm-none-eabi/lib/thumb/v6-m/nofp/libc.a(lib_a-svfprintf.o) (_free_r)
/usr/local/gcc-arm-none-eabi-8-2018-q4-major/bin/../lib/gcc/arm-none-eabi/8.2.1/../../../../arm-none-eabi/lib/thumb/v6-m/nofp/libc.a(lib_a-localeconv.o)
                              /usr/local/gcc-arm-none-eabi-8-2018-q4-major/bin/../lib/gcc/arm-none-eabi/8.2.1/../../../../arm-none-eabi/lib/thumb/v6-m/nofp/libc.a(lib_a-svfprintf.o) (_localeconv_r)
/usr/local/gcc-arm-none-eabi-8-2018-q4-major/bin/../lib/gcc/arm-none-eabi/8.2.1/../../../../arm-none-eabi/lib/thumb/v6-m/nofp/libc.a(lib_a-mallocr.o)
                              /usr/local/gcc-arm-none-eabi-8-2018-q4-major/bin/../lib/gcc/arm-none-eabi/8.2.1/../../../../arm-none-eabi/lib/thumb/v6-m/nofp/libc.a(lib_a-svfprintf.o) (_malloc_r)
/usr/local/gcc-arm-none-eabi-8-2018-q4-major/bin/../lib/gcc/arm-none-eabi/8.2.1/../../../../arm-none-eabi/lib/thumb/v6-m/nofp/libc.a(lib_a-memchr-stub.o)
                              /usr/local/gcc-arm-none-eabi-8-2018-q4-major/bin/../lib/gcc/arm-none-eabi/8.2.1/../../../../arm-none-eabi/lib/thumb/v6-m/nofp/libc.a(lib_a-svfprintf.o) (memchr)
/usr/local/gcc-arm-none-eabi-8-2018-q4-major/bin/../lib/gcc/arm-none-eabi/8.2.1/../../../../arm-none-eabi/lib/thumb/v6-m/nofp/libc.a(lib_a-mlock.o)
                              /usr/local/gcc-arm-none-eabi-8-2018-q4-major/bin/../lib/gcc/arm-none-eabi/8.2.1/../../../../arm-none-eabi/lib/thumb/v6-m/nofp/libc.a(lib_a-freer.o) (__malloc_lock)
[...]
Memory Configuration

Name             Origin             Length             Attributes
rom              0x0000000000004000 0x000000000000c000 xr
ram              0x0000000020000000 0x0000000000002000 xrw
*default*        0x0000000000000000 0xffffffffffffffff

Linker script and memory map

LOAD draw.o
LOAD ../libopencm3//lib/libopencm3_efm32hg.a
START GROUP
LOAD /usr/local/gcc-arm-none-eabi-8-2018-q4-major/bin/../lib/gcc/arm-none-eabi/8.2.1/../../../../arm-none-eabi/lib/thumb/v6-m/nofp/libc.a
LOAD /usr/local/gcc-arm-none-eabi-8-2018-q4-major/bin/../lib/gcc/arm-none-eabi/8.2.1/thumb/v6-m/nofp/libgcc.a
LOAD /usr/local/gcc-arm-none-eabi-8-2018-q4-major/bin/../lib/gcc/arm-none-eabi/8.2.1/../../../../arm-none-eabi/lib/thumb/v6-m/nofp/libnosys.a
END GROUP
START GROUP
LOAD /usr/local/gcc-arm-none-eabi-8-2018-q4-major/bin/../lib/gcc/arm-none-eabi/8.2.1/thumb/v6-m/nofp/libgcc.a
LOAD /usr/local/gcc-arm-none-eabi-8-2018-q4-major/bin/../lib/gcc/arm-none-eabi/8.2.1/../../../../arm-none-eabi/lib/thumb/v6-m/nofp/libg.a
LOAD /usr/local/gcc-arm-none-eabi-8-2018-q4-major/bin/../lib/gcc/arm-none-eabi/8.2.1/../../../../arm-none-eabi/lib/thumb/v6-m/nofp/libc.a
END GROUP

.text           0x0000000000004000     0x8590
 SORT_BY_NAME(*)(.vectors)
 .vectors       0x0000000000004000       0x94 ../libopencm3//lib/libopencm3_efm32hg.a(vector.o)
                0x0000000000004000                vector_table
 *(.vectors)
 *(.text*)
 .text.cdcacm_set_config
                0x0000000000004094       0x48 draw.o
 .text.cdcacm_data_rx_cb
                0x00000000000040dc       0x12 draw.o
 *fill*         0x00000000000040ee        0x2 
 .text.usb_printf
                0x00000000000040f0       0x48 draw.o
 .text.cdcacm_control_request
                0x0000000000004138       0x28 draw.o
 .text.usb_isr  0x0000000000004160       0x10 draw.o
                0x0000000000004160                usb_isr
 .text.hard_fault_handler
                0x0000000000004170        0x2 draw.o
                0x0000000000004170                hard_fault_handler
 *fill*         0x0000000000004172        0x2 
 .text.startup.main
                0x0000000000004174      0x144 draw.o
                0x0000000000004174                main
 .text.cmu_periph_clock_enable
                0x00000000000042b8       0x1c ../libopencm3//lib/libopencm3_efm32hg.a(cmu.o)
                0x00000000000042b8                cmu_periph_clock_enable
 .text.cmu_osc_on
                0x00000000000042d4       0x34 ../libopencm3//lib/libopencm3_efm32hg.a(cmu.o)
                0x00000000000042d4                cmu_osc_on
 .text.cmu_wait_for_osc_ready
                0x0000000000004308       0x58 ../libopencm3//lib/libopencm3_efm32hg.a(cmu.o)
                0x0000000000004308                cmu_wait_for_osc_ready
 .text.cmu_set_usbclk_source
                0x0000000000004360       0x24 ../libopencm3//lib/libopencm3_efm32hg.a(cmu.o)
                0x0000000000004360                cmu_set_usbclk_source
 .text.cmu_wait_for_usbclk_selected
                0x0000000000004384       0x3c ../libopencm3//lib/libopencm3_efm32hg.a(cmu.o)
                0x0000000000004384                cmu_wait_for_usbclk_selected
 .text.gpio_mode_setup
                0x00000000000043c0       0x54 ../libopencm3//lib/libopencm3_efm32hg.a(gpio_common_hglg.o)
                0x00000000000043c0                gpio_mode_setup
 .text.gpio_set
                0x0000000000004414        0x4 ../libopencm3//lib/libopencm3_efm32hg.a(gpio_common_hglg.o)
                0x0000000000004414                gpio_set
 .text.i2c_bus_freq_set
                0x0000000000004418       0x28 ../libopencm3//lib/libopencm3_efm32hg.a(i2c_common_hglg.o)
                0x0000000000004418                i2c_bus_freq_set
 .text.i2c_init
                0x0000000000004440       0x30 ../libopencm3//lib/libopencm3_efm32hg.a(i2c_common_hglg.o)
                0x0000000000004440                i2c_init
 .text.i2c_write
                0x0000000000004470       0xa0 ../libopencm3//lib/libopencm3_efm32hg.a(i2c_common_hglg.o)
                0x0000000000004470                i2c_write
 .text.i2c_read
                0x0000000000004510       0xa0 ../libopencm3//lib/libopencm3_efm32hg.a(i2c_common_hglg.o)
                0x0000000000004510                i2c_read
 .text.usbd_init
                0x00000000000045b0       0x54 ../libopencm3//lib/libopencm3_efm32hg.a(usb.o)
                0x00000000000045b0                usbd_init
 .text.usbd_poll
                0x0000000000004604        0xe ../libopencm3//lib/libopencm3_efm32hg.a(usb.o)
                0x0000000000004604                usbd_poll
 .text.usbd_ep_setup
                0x0000000000004612       0x12 ../libopencm3//lib/libopencm3_efm32hg.a(usb.o)
                0x0000000000004612                usbd_ep_setup
 .text._usbd_reset
                0x0000000000004624       0x2e ../libopencm3//lib/libopencm3_efm32hg.a(usb.o)
                0x0000000000004624                _usbd_reset
 .text.usbd_ep_write_packet
                0x0000000000004652        0xe ../libopencm3//lib/libopencm3_efm32hg.a(usb.o)
                0x0000000000004652                usbd_ep_write_packet
 .text.usbd_ep_read_packet
                0x0000000000004660        0xe ../libopencm3//lib/libopencm3_efm32hg.a(usb.o)
                0x0000000000004660                usbd_ep_read_packet
 .text.usbd_ep_stall_set
                0x000000000000466e        0xe ../libopencm3//lib/libopencm3_efm32hg.a(usb.o)
                0x000000000000466e                usbd_ep_stall_set
 .text.usbd_ep_stall_get
                0x000000000000467c        0xe ../libopencm3//lib/libopencm3_efm32hg.a(usb.o)
                0x000000000000467c                usbd_ep_stall_get
 .text.usbd_ep_nak_set
                0x000000000000468a        0xe ../libopencm3//lib/libopencm3_efm32hg.a(usb.o)
                0x000000000000468a                usbd_ep_nak_set
 .text.stall_transaction
                0x0000000000004698       0x14 ../libopencm3//lib/libopencm3_efm32hg.a(usb_control.o)
 .text.usb_control_recv_chunk
                0x00000000000046ac       0x3e ../libopencm3//lib/libopencm3_efm32hg.a(usb_control.o)
 .text.usb_control_send_chunk
                0x00000000000046ea       0x50 ../libopencm3//lib/libopencm3_efm32hg.a(usb_control.o)
 .text.usb_control_request_dispatch
                0x000000000000473a       0x66 ../libopencm3//lib/libopencm3_efm32hg.a(usb_control.o)
 .text.usb_control_setup_read
                0x00000000000047a0       0x6a ../libopencm3//lib/libopencm3_efm32hg.a(usb_control.o)
 .text.usbd_register_control_callback
                0x000000000000480a       0x30 ../libopencm3//lib/libopencm3_efm32hg.a(usb_control.o)
                0x000000000000480a                usbd_register_control_callback
 .text._usbd_control_setup
                0x000000000000483a       0x78 ../libopencm3//lib/libopencm3_efm32hg.a(usb_control.o)
                0x000000000000483a                _usbd_control_setup
 .text._usbd_control_out
                0x00000000000048b2       0x82 ../libopencm3//lib/libopencm3_efm32hg.a(usb_control.o)
                0x00000000000048b2                _usbd_control_out
 .text._usbd_control_in
                0x0000000000004934       0x60 ../libopencm3//lib/libopencm3_efm32hg.a(usb_control.o)
                0x0000000000004934                _usbd_control_in
 .text.usb_standard_set_address
                0x0000000000004994       0x36 ../libopencm3//lib/libopencm3_efm32hg.a(usb_standard.o)
 .text.usb_standard_set_configuration
                0x00000000000049ca       0xb8 ../libopencm3//lib/libopencm3_efm32hg.a(usb_standard.o)
 .text.usb_standard_get_configuration
                0x0000000000004a82       0x2a ../libopencm3//lib/libopencm3_efm32hg.a(usb_standard.o)
 .text.usb_standard_get_interface
                0x0000000000004aac       0x50 ../libopencm3//lib/libopencm3_efm32hg.a(usb_standard.o)
 .text.usb_standard_device_get_status
                0x0000000000004afc       0x18 ../libopencm3//lib/libopencm3_efm32hg.a(usb_standard.o)
 .text.usb_standard_endpoint_get_status
                0x0000000000004b14       0x26 ../libopencm3//lib/libopencm3_efm32hg.a(usb_standard.o)
 .text.usb_standard_endpoint_stall
                0x0000000000004b3a        0xe ../libopencm3//lib/libopencm3_efm32hg.a(usb_standard.o)
 .text.usb_standard_endpoint_unstall
                0x0000000000004b48        0xe ../libopencm3//lib/libopencm3_efm32hg.a(usb_standard.o)
 .text.usb_standard_set_interface
                0x0000000000004b56       0x7c ../libopencm3//lib/libopencm3_efm32hg.a(usb_standard.o)
 *fill*         0x0000000000004bd2        0x2 
 .text.usb_standard_get_descriptor
                0x0000000000004bd4      0x358 ../libopencm3//lib/libopencm3_efm32hg.a(usb_standard.o)
 .text.usb_standard_interface_get_status
                0x0000000000004f2c       0x18 ../libopencm3//lib/libopencm3_efm32hg.a(usb_standard.o)
 .text.usbd_register_set_config_callback
                0x0000000000004f44       0x26 ../libopencm3//lib/libopencm3_efm32hg.a(usb_standard.o)
                0x0000000000004f44                usbd_register_set_config_callback
 *fill*         0x0000000000004f6a        0x2 
 .text._usbd_standard_request_device
                0x0000000000004f6c       0x48 ../libopencm3//lib/libopencm3_efm32hg.a(usb_standard.o)
                0x0000000000004f6c                _usbd_standard_request_device
 .text._usbd_standard_request_interface
                0x0000000000004fb4       0x30 ../libopencm3//lib/libopencm3_efm32hg.a(usb_standard.o)
                0x0000000000004fb4                _usbd_standard_request_interface
 .text._usbd_standard_request_endpoint
                0x0000000000004fe4       0x4c ../libopencm3//lib/libopencm3_efm32hg.a(usb_standard.o)
                0x0000000000004fe4                _usbd_standard_request_endpoint
 .text._usbd_standard_request
                0x0000000000005030       0x3a ../libopencm3//lib/libopencm3_efm32hg.a(usb_standard.o)
                0x0000000000005030                _usbd_standard_request
 *fill*         0x000000000000506a        0x2 
 .text.efm32hg_usbd_init
                0x000000000000506c      0x114 ../libopencm3//lib/libopencm3_efm32hg.a(usb_efm32hg.o)
 .text.blocking_handler
                0x0000000000005180        0x2 ../libopencm3//lib/libopencm3_efm32hg.a(vector.o)
                0x0000000000005180                timer0_isr
                0x0000000000005180                rtc_isr
                0x0000000000005180                usart0_tx_isr
                0x0000000000005180                timer1_isr
                0x0000000000005180                i2c0_isr
                0x0000000000005180                cmu_isr
                0x0000000000005180                blocking_handler
                0x0000000000005180                usart0_rx_isr
                0x0000000000005180                msc_isr
                0x0000000000005180                vcmp_isr
                0x0000000000005180                dma_isr
                0x0000000000005180                usart1_tx_isr
                0x0000000000005180                aes_isr
                0x0000000000005180                acmp0_isr
                0x0000000000005180                pcnt0_isr
                0x0000000000005180                timer2_isr
                0x0000000000005180                gpio_odd_isr
                0x0000000000005180                usart1_rx_isr
                0x0000000000005180                gpio_even_isr
                0x0000000000005180                leuart0_isr
                0x0000000000005180                adc0_isr
 .text.null_handler
                0x0000000000005182        0x2 ../libopencm3//lib/libopencm3_efm32hg.a(vector.o)
                0x0000000000005182                null_handler
                0x0000000000005182                sv_call_handler
                0x0000000000005182                pend_sv_handler
                0x0000000000005182                sys_tick_handler
                0x0000000000005182                nmi_handler
 .text.reset_handler
                0x0000000000005184       0x84 ../libopencm3//lib/libopencm3_efm32hg.a(vector.o)
                0x0000000000005184                reset_handler
 .text.nvic_enable_irq
                0x0000000000005208       0x18 ../libopencm3//lib/libopencm3_efm32hg.a(nvic.o)
                0x0000000000005208                nvic_enable_irq
 .text.dwc_set_address
                0x0000000000005220       0x20 ../libopencm3//lib/libopencm3_efm32hg.a(usb_dwc_common.o)
                0x0000000000005220                dwc_set_address
 .text.dwc_ep_setup
                0x0000000000005240      0x150 ../libopencm3//lib/libopencm3_efm32hg.a(usb_dwc_common.o)
                0x0000000000005240                dwc_ep_setup
 .text.dwc_endpoints_reset
                0x0000000000005390       0x58 ../libopencm3//lib/libopencm3_efm32hg.a(usb_dwc_common.o)
                0x0000000000005390                dwc_endpoints_reset
 .text.dwc_ep_stall_set
                0x00000000000053e8       0x84 ../libopencm3//lib/libopencm3_efm32hg.a(usb_dwc_common.o)
                0x00000000000053e8                dwc_ep_stall_set
 .text.dwc_ep_stall_get
                0x000000000000546c       0x22 ../libopencm3//lib/libopencm3_efm32hg.a(usb_dwc_common.o)
                0x000000000000546c                dwc_ep_stall_get
 .text.dwc_ep_nak_set
                0x000000000000548e       0x30 ../libopencm3//lib/libopencm3_efm32hg.a(usb_dwc_common.o)
                0x000000000000548e                dwc_ep_nak_set
 .text.dwc_ep_write_packet
                0x00000000000054be       0x84 ../libopencm3//lib/libopencm3_efm32hg.a(usb_dwc_common.o)
                0x00000000000054be                dwc_ep_write_packet
 .text.dwc_ep_read_packet
                0x0000000000005542       0xb4 ../libopencm3//lib/libopencm3_efm32hg.a(usb_dwc_common.o)
                0x0000000000005542                dwc_ep_read_packet
 *fill*         0x00000000000055f6        0x2 
 .text.dwc_poll
                0x00000000000055f8      0x204 ../libopencm3//lib/libopencm3_efm32hg.a(usb_dwc_common.o)
                0x00000000000055f8                dwc_poll
 .text.dwc_disconnect
                0x00000000000057fc       0x24 ../libopencm3//lib/libopencm3_efm32hg.a(usb_dwc_common.o)
                0x00000000000057fc                dwc_disconnect
 .text.memcpy   0x0000000000005820       0xa4 /usr/local/gcc-arm-none-eabi-8-2018-q4-major/bin/../lib/gcc/arm-none-eabi/8.2.1/../../../../arm-none-eabi/lib/thumb/v6-m/nofp/libc.a(lib_a-memcpy-stub.o)
                0x0000000000005820                memcpy
 .text.strlen   0x00000000000058c4       0x68 /usr/local/gcc-arm-none-eabi-8-2018-q4-major/bin/../lib/gcc/arm-none-eabi/8.2.1/../../../../arm-none-eabi/lib/thumb/v6-m/nofp/libc.a(lib_a-strlen-stub.o)
                0x00000000000058c4                strlen
 .text.strnlen  0x000000000000592c       0x2c /usr/local/gcc-arm-none-eabi-8-2018-q4-major/bin/../lib/gcc/arm-none-eabi/8.2.1/../../../../arm-none-eabi/lib/thumb/v6-m/nofp/libc.a(lib_a-strnlen.o)
                0x000000000000592c                strnlen
 .text._vsnprintf_r
                0x0000000000005958       0x70 /usr/local/gcc-arm-none-eabi-8-2018-q4-major/bin/../lib/gcc/arm-none-eabi/8.2.1/../../../../arm-none-eabi/lib/thumb/v6-m/nofp/libc.a(lib_a-vsnprintf.o)
                0x0000000000005958                _vsnprintf_r
 .text.vsnprintf
                0x00000000000059c8       0x20 /usr/local/gcc-arm-none-eabi-8-2018-q4-major/bin/../lib/gcc/arm-none-eabi/8.2.1/../../../../arm-none-eabi/lib/thumb/v6-m/nofp/libc.a(lib_a-vsnprintf.o)
                0x00000000000059c8                vsnprintf
 .text._svfprintf_r
                0x00000000000059e8     0x1bd4 /usr/local/gcc-arm-none-eabi-8-2018-q4-major/bin/../lib/gcc/arm-none-eabi/8.2.1/../../../../arm-none-eabi/lib/thumb/v6-m/nofp/libc.a(lib_a-svfprintf.o)
                0x00000000000059e8                _svfprintf_r
 .text.quorem   0x00000000000075bc      0x154 /usr/local/gcc-arm-none-eabi-8-2018-q4-major/bin/../lib/gcc/arm-none-eabi/8.2.1/../../../../arm-none-eabi/lib/thumb/v6-m/nofp/libc.a(lib_a-dtoa.o)
 .text._dtoa_r  0x0000000000007710      0xf74 /usr/local/gcc-arm-none-eabi-8-2018-q4-major/bin/../lib/gcc/arm-none-eabi/8.2.1/../../../../arm-none-eabi/lib/thumb/v6-m/nofp/libc.a(lib_a-dtoa.o)
                0x0000000000007710                _dtoa_r
 .text._malloc_trim_r
                0x0000000000008684       0xa0 /usr/local/gcc-arm-none-eabi-8-2018-q4-major/bin/../lib/gcc/arm-none-eabi/8.2.1/../../../../arm-none-eabi/lib/thumb/v6-m/nofp/libc.a(lib_a-freer.o)
                0x0000000000008684                _malloc_trim_r
 .text._free_r  0x0000000000008724      0x1dc /usr/local/gcc-arm-none-eabi-8-2018-q4-major/bin/../lib/gcc/arm-none-eabi/8.2.1/../../../../arm-none-eabi/lib/thumb/v6-m/nofp/libc.a(lib_a-freer.o)
                0x0000000000008724                _free_r
 .text._localeconv_r
                0x0000000000008900        0x8 /usr/local/gcc-arm-none-eabi-8-2018-q4-major/bin/../lib/gcc/arm-none-eabi/8.2.1/../../../../arm-none-eabi/lib/thumb/v6-m/nofp/libc.a(lib_a-localeconv.o)
                0x0000000000008900                _localeconv_r
 .text._malloc_r
                0x0000000000008908      0x598 /usr/local/gcc-arm-none-eabi-8-2018-q4-major/bin/../lib/gcc/arm-none-eabi/8.2.1/../../../../arm-none-eabi/lib/thumb/v6-m/nofp/libc.a(lib_a-mallocr.o)
                0x0000000000008908                _malloc_r
 .text.memchr   0x0000000000008ea0       0x80 /usr/local/gcc-arm-none-eabi-8-2018-q4-major/bin/../lib/gcc/arm-none-eabi/8.2.1/../../../../arm-none-eabi/lib/thumb/v6-m/nofp/libc.a(lib_a-memchr-stub.o)
                0x0000000000008ea0                memchr
 .text.__malloc_lock
                0x0000000000008f20       0x10 /usr/local/gcc-arm-none-eabi-8-2018-q4-major/bin/../lib/gcc/arm-none-eabi/8.2.1/../../../../arm-none-eabi/lib/thumb/v6-m/nofp/libc.a(lib_a-mlock.o)
                0x0000000000008f20                __malloc_lock
 .text.__malloc_unlock
                0x0000000000008f30       0x10 /usr/local/gcc-arm-none-eabi-8-2018-q4-major/bin/../lib/gcc/arm-none-eabi/8.2.1/../../../../arm-none-eabi/lib/thumb/v6-m/nofp/libc.a(lib_a-mlock.o)
                0x0000000000008f30                __malloc_unlock
 .text._Balloc  0x0000000000008f40       0x50 /usr/local/gcc-arm-none-eabi-8-2018-q4-major/bin/../lib/gcc/arm-none-eabi/8.2.1/../../../../arm-none-eabi/lib/thumb/v6-m/nofp/libc.a(lib_a-mprec.o)
                0x0000000000008f40                _Balloc
 .text._Bfree   0x0000000000008f90       0x14 /usr/local/gcc-arm-none-eabi-8-2018-q4-major/bin/../lib/gcc/arm-none-eabi/8.2.1/../../../../arm-none-eabi/lib/thumb/v6-m/nofp/libc.a(lib_a-mprec.o)
                0x0000000000008f90                _Bfree
 .text.__multadd
                0x0000000000008fa4       0x98 /usr/local/gcc-arm-none-eabi-8-2018-q4-major/bin/../lib/gcc/arm-none-eabi/8.2.1/../../../../arm-none-eabi/lib/thumb/v6-m/nofp/libc.a(lib_a-mprec.o)
                0x0000000000008fa4                __multadd
 .text.__hi0bits
                0x000000000000903c       0x38 /usr/local/gcc-arm-none-eabi-8-2018-q4-major/bin/../lib/gcc/arm-none-eabi/8.2.1/../../../../arm-none-eabi/lib/thumb/v6-m/nofp/libc.a(lib_a-mprec.o)
                0x000000000000903c                __hi0bits
 .text.__lo0bits
                0x0000000000009074       0x5c /usr/local/gcc-arm-none-eabi-8-2018-q4-major/bin/../lib/gcc/arm-none-eabi/8.2.1/../../../../arm-none-eabi/lib/thumb/v6-m/nofp/libc.a(lib_a-mprec.o)
                0x0000000000009074                __lo0bits
 .text.__i2b    0x00000000000090d0       0x14 /usr/local/gcc-arm-none-eabi-8-2018-q4-major/bin/../lib/gcc/arm-none-eabi/8.2.1/../../../../arm-none-eabi/lib/thumb/v6-m/nofp/libc.a(lib_a-mprec.o)
                0x00000000000090d0                __i2b
 .text.__multiply
                0x00000000000090e4      0x170 /usr/local/gcc-arm-none-eabi-8-2018-q4-major/bin/../lib/gcc/arm-none-eabi/8.2.1/../../../../arm-none-eabi/lib/thumb/v6-m/nofp/libc.a(lib_a-mprec.o)
                0x00000000000090e4                __multiply
 .text.__pow5mult
                0x0000000000009254       0xbc /usr/local/gcc-arm-none-eabi-8-2018-q4-major/bin/../lib/gcc/arm-none-eabi/8.2.1/../../../../arm-none-eabi/lib/thumb/v6-m/nofp/libc.a(lib_a-mprec.o)
                0x0000000000009254                __pow5mult
 .text.__lshift
                0x0000000000009310       0xcc /usr/local/gcc-arm-none-eabi-8-2018-q4-major/bin/../lib/gcc/arm-none-eabi/8.2.1/../../../../arm-none-eabi/lib/thumb/v6-m/nofp/libc.a(lib_a-mprec.o)
                0x0000000000009310                __lshift
 .text.__mcmp   0x00000000000093dc       0x34 /usr/local/gcc-arm-none-eabi-8-2018-q4-major/bin/../lib/gcc/arm-none-eabi/8.2.1/../../../../arm-none-eabi/lib/thumb/v6-m/nofp/libc.a(lib_a-mprec.o)
                0x00000000000093dc                __mcmp
 .text.__mdiff  0x0000000000009410      0x118 /usr/local/gcc-arm-none-eabi-8-2018-q4-major/bin/../lib/gcc/arm-none-eabi/8.2.1/../../../../arm-none-eabi/lib/thumb/v6-m/nofp/libc.a(lib_a-mprec.o)
                0x0000000000009410                __mdiff
 .text.__d2b    0x0000000000009528       0xbc /usr/local/gcc-arm-none-eabi-8-2018-q4-major/bin/../lib/gcc/arm-none-eabi/8.2.1/../../../../arm-none-eabi/lib/thumb/v6-m/nofp/libc.a(lib_a-mprec.o)
                0x0000000000009528                __d2b
 .text.frexp    0x00000000000095e4       0x64 /usr/local/gcc-arm-none-eabi-8-2018-q4-major/bin/../lib/gcc/arm-none-eabi/8.2.1/../../../../arm-none-eabi/lib/thumb/v6-m/nofp/libc.a(lib_a-s_frexp.o)
                0x00000000000095e4                frexp
 .text._sbrk_r  0x0000000000009648       0x24 /usr/local/gcc-arm-none-eabi-8-2018-q4-major/bin/../lib/gcc/arm-none-eabi/8.2.1/../../../../arm-none-eabi/lib/thumb/v6-m/nofp/libc.a(lib_a-sbrkr.o)
                0x0000000000009648                _sbrk_r
 .text.strncpy  0x000000000000966c       0x80 /usr/local/gcc-arm-none-eabi-8-2018-q4-major/bin/../lib/gcc/arm-none-eabi/8.2.1/../../../../arm-none-eabi/lib/thumb/v6-m/nofp/libc.a(lib_a-strncpy.o)
                0x000000000000966c                strncpy
 .text.__ssprint_r
                0x00000000000096ec      0x114 /usr/local/gcc-arm-none-eabi-8-2018-q4-major/bin/../lib/gcc/arm-none-eabi/8.2.1/../../../../arm-none-eabi/lib/thumb/v6-m/nofp/libc.a(lib_a-svfiprintf.o)
                0x00000000000096ec                __ssprint_r
 .text._calloc_r
                0x0000000000009800       0x5c /usr/local/gcc-arm-none-eabi-8-2018-q4-major/bin/../lib/gcc/arm-none-eabi/8.2.1/../../../../arm-none-eabi/lib/thumb/v6-m/nofp/libc.a(lib_a-callocr.o)
                0x0000000000009800                _calloc_r
 .text.__retarget_lock_acquire_recursive
                0x000000000000985c        0x4 /usr/local/gcc-arm-none-eabi-8-2018-q4-major/bin/../lib/gcc/arm-none-eabi/8.2.1/../../../../arm-none-eabi/lib/thumb/v6-m/nofp/libc.a(lib_a-lock.o)
                0x000000000000985c                __retarget_lock_acquire_recursive
 .text.__retarget_lock_release_recursive
                0x0000000000009860        0x4 /usr/local/gcc-arm-none-eabi-8-2018-q4-major/bin/../lib/gcc/arm-none-eabi/8.2.1/../../../../arm-none-eabi/lib/thumb/v6-m/nofp/libc.a(lib_a-lock.o)
                0x0000000000009860                __retarget_lock_release_recursive
 .text.__ascii_mbtowc
                0x0000000000009864       0x2c /usr/local/gcc-arm-none-eabi-8-2018-q4-major/bin/../lib/gcc/arm-none-eabi/8.2.1/../../../../arm-none-eabi/lib/thumb/v6-m/nofp/libc.a(lib_a-mbtowc_r.o)
                0x0000000000009864                __ascii_mbtowc
 .text.memmove  0x0000000000009890       0xb0 /usr/local/gcc-arm-none-eabi-8-2018-q4-major/bin/../lib/gcc/arm-none-eabi/8.2.1/../../../../arm-none-eabi/lib/thumb/v6-m/nofp/libc.a(lib_a-memmove.o)
                0x0000000000009890                memmove
 .text.memset   0x0000000000009940       0xa8 /usr/local/gcc-arm-none-eabi-8-2018-q4-major/bin/../lib/gcc/arm-none-eabi/8.2.1/../../../../arm-none-eabi/lib/thumb/v6-m/nofp/libc.a(lib_a-memset.o)
                0x0000000000009940                memset
 .text._realloc_r
                0x00000000000099e8      0x35c /usr/local/gcc-arm-none-eabi-8-2018-q4-major/bin/../lib/gcc/arm-none-eabi/8.2.1/../../../../arm-none-eabi/lib/thumb/v6-m/nofp/libc.a(lib_a-reallocr.o)
                0x00000000000099e8                _realloc_r
 .text.__ascii_wctomb
                0x0000000000009d44       0x1c /usr/local/gcc-arm-none-eabi-8-2018-q4-major/bin/../lib/gcc/arm-none-eabi/8.2.1/../../../../arm-none-eabi/lib/thumb/v6-m/nofp/libc.a(lib_a-wctomb_r.o)
                0x0000000000009d44                __ascii_wctomb
 .text          0x0000000000009d60       0x14 /usr/local/gcc-arm-none-eabi-8-2018-q4-major/bin/../lib/gcc/arm-none-eabi/8.2.1/thumb/v6-m/nofp/libgcc.a(_thumb1_case_uqi.o)
                0x0000000000009d60                __gnu_thumb1_case_uqi
 .text          0x0000000000009d74      0x114 /usr/local/gcc-arm-none-eabi-8-2018-q4-major/bin/../lib/gcc/arm-none-eabi/8.2.1/thumb/v6-m/nofp/libgcc.a(_udivsi3.o)
                0x0000000000009d74                __udivsi3
                0x0000000000009d74                __aeabi_uidiv
                0x0000000000009e80                __aeabi_uidivmod
 .text          0x0000000000009e88      0x1d4 /usr/local/gcc-arm-none-eabi-8-2018-q4-major/bin/../lib/gcc/arm-none-eabi/8.2.1/thumb/v6-m/nofp/libgcc.a(_divsi3.o)
                0x0000000000009e88                __aeabi_idiv
                0x0000000000009e88                __divsi3
                0x000000000000a054                __aeabi_idivmod
 .text          0x000000000000a05c        0x4 /usr/local/gcc-arm-none-eabi-8-2018-q4-major/bin/../lib/gcc/arm-none-eabi/8.2.1/thumb/v6-m/nofp/libgcc.a(_dvmd_tls.o)
                0x000000000000a05c                __aeabi_ldiv0
                0x000000000000a05c                __aeabi_idiv0
 .text          0x000000000000a060       0x7c /usr/local/gcc-arm-none-eabi-8-2018-q4-major/bin/../lib/gcc/arm-none-eabi/8.2.1/thumb/v6-m/nofp/libgcc.a(_arm_cmpdf2.o)
                0x000000000000a060                __aeabi_cdrcmple
                0x000000000000a070                __aeabi_cdcmple
                0x000000000000a070                __aeabi_cdcmpeq
                0x000000000000a080                __aeabi_dcmpeq
                0x000000000000a08c                __aeabi_dcmplt
                0x000000000000a0a0                __aeabi_dcmple
                0x000000000000a0b4                __aeabi_dcmpgt
                0x000000000000a0c8                __aeabi_dcmpge
 .text          0x000000000000a0dc       0x40 /usr/local/gcc-arm-none-eabi-8-2018-q4-major/bin/../lib/gcc/arm-none-eabi/8.2.1/thumb/v6-m/nofp/libgcc.a(_aeabi_uldivmod.o)
                0x000000000000a0dc                __aeabi_uldivmod
 .text          0x000000000000a11c      0x1a4 /usr/local/gcc-arm-none-eabi-8-2018-q4-major/bin/../lib/gcc/arm-none-eabi/8.2.1/thumb/v6-m/nofp/libgcc.a(_udivmoddi4.o)
                0x000000000000a11c                __udivmoddi4
 .text          0x000000000000a2c0      0x6ec /usr/local/gcc-arm-none-eabi-8-2018-q4-major/bin/../lib/gcc/arm-none-eabi/8.2.1/thumb/v6-m/nofp/libgcc.a(adddf3.o)
                0x000000000000a2c0                __aeabi_dadd
 .text          0x000000000000a9ac      0x5ec /usr/local/gcc-arm-none-eabi-8-2018-q4-major/bin/../lib/gcc/arm-none-eabi/8.2.1/thumb/v6-m/nofp/libgcc.a(divdf3.o)
                0x000000000000a9ac                __aeabi_ddiv
 .text          0x000000000000af98       0x80 /usr/local/gcc-arm-none-eabi-8-2018-q4-major/bin/../lib/gcc/arm-none-eabi/8.2.1/thumb/v6-m/nofp/libgcc.a(eqdf2.o)
                0x000000000000af98                __eqdf2
                0x000000000000af98                __nedf2
 .text          0x000000000000b018       0xc8 /usr/local/gcc-arm-none-eabi-8-2018-q4-major/bin/../lib/gcc/arm-none-eabi/8.2.1/thumb/v6-m/nofp/libgcc.a(gedf2.o)
                0x000000000000b018                __gtdf2
                0x000000000000b018                __gedf2
 .text          0x000000000000b0e0       0xc8 /usr/local/gcc-arm-none-eabi-8-2018-q4-major/bin/../lib/gcc/arm-none-eabi/8.2.1/thumb/v6-m/nofp/libgcc.a(ledf2.o)
                0x000000000000b0e0                __ltdf2
                0x000000000000b0e0                __ledf2
 .text          0x000000000000b1a8      0x510 /usr/local/gcc-arm-none-eabi-8-2018-q4-major/bin/../lib/gcc/arm-none-eabi/8.2.1/thumb/v6-m/nofp/libgcc.a(muldf3.o)
                0x000000000000b1a8                __aeabi_dmul
 .text          0x000000000000b6b8      0x730 /usr/local/gcc-arm-none-eabi-8-2018-q4-major/bin/../lib/gcc/arm-none-eabi/8.2.1/thumb/v6-m/nofp/libgcc.a(subdf3.o)
                0x000000000000b6b8                __aeabi_dsub
 .text          0x000000000000bde8       0x38 /usr/local/gcc-arm-none-eabi-8-2018-q4-major/bin/../lib/gcc/arm-none-eabi/8.2.1/thumb/v6-m/nofp/libgcc.a(unorddf2.o)
                0x000000000000bde8                __aeabi_dcmpun
 .text          0x000000000000be20       0x6c /usr/local/gcc-arm-none-eabi-8-2018-q4-major/bin/../lib/gcc/arm-none-eabi/8.2.1/thumb/v6-m/nofp/libgcc.a(fixdfsi.o)
                0x000000000000be20                __aeabi_d2iz
 .text          0x000000000000be8c       0x78 /usr/local/gcc-arm-none-eabi-8-2018-q4-major/bin/../lib/gcc/arm-none-eabi/8.2.1/thumb/v6-m/nofp/libgcc.a(floatsidf.o)
                0x000000000000be8c                __aeabi_i2d
 .text          0x000000000000bf04       0x64 /usr/local/gcc-arm-none-eabi-8-2018-q4-major/bin/../lib/gcc/arm-none-eabi/8.2.1/thumb/v6-m/nofp/libgcc.a(floatunsidf.o)
                0x000000000000bf04                __aeabi_ui2d
 .text          0x000000000000bf68       0x3c /usr/local/gcc-arm-none-eabi-8-2018-q4-major/bin/../lib/gcc/arm-none-eabi/8.2.1/thumb/v6-m/nofp/libgcc.a(_clzsi2.o)
                0x000000000000bf68                __clzsi2
 .text          0x000000000000bfa4       0x18 /usr/local/gcc-arm-none-eabi-8-2018-q4-major/bin/../lib/gcc/arm-none-eabi/8.2.1/thumb/v6-m/nofp/libgcc.a(_clzdi2.o)
                0x000000000000bfa4                __clzdi2
 .text._sbrk    0x000000000000bfbc       0x1c /usr/local/gcc-arm-none-eabi-8-2018-q4-major/bin/../lib/gcc/arm-none-eabi/8.2.1/../../../../arm-none-eabi/lib/thumb/v6-m/nofp/libnosys.a(sbrk.o)
                0x000000000000bfbc                _sbrk
                0x000000000000bfd8                . = ALIGN (0x4)
 *(.rodata*)
 .rodata.cdcacm_functional_descriptors
                0x000000000000bfd8       0x13 draw.o
 .rodata.comm_endp
                0x000000000000bfeb        0xf draw.o
 .rodata.comm_iface
                0x000000000000bffa       0x15 draw.o
 .rodata.config
                0x000000000000c00f        0xd draw.o
 .rodata.data_endp
                0x000000000000c01c       0x1e draw.o
 .rodata.data_iface
                0x000000000000c03a       0x15 draw.o
 .rodata.dev    0x000000000000c04f       0x12 draw.o
 *fill*         0x000000000000c061        0x3 
 .rodata.ifaces
                0x000000000000c064       0x20 draw.o
 .rodata.main.str1.1
                0x000000000000c084       0x4f draw.o
 .rodata.str1.1
                0x000000000000c0d3       0x17 draw.o
 *fill*         0x000000000000c0ea        0x2 
 .rodata.efm32hg_usb_driver
                0x000000000000c0ec       0x34 ../libopencm3//lib/libopencm3_efm32hg.a(usb_efm32hg.o)
                0x000000000000c0ec                efm32hg_usb_driver
 .rodata._svfprintf_r
                0x000000000000c120      0x16c /usr/local/gcc-arm-none-eabi-8-2018-q4-major/bin/../lib/gcc/arm-none-eabi/8.2.1/../../../../arm-none-eabi/lib/thumb/v6-m/nofp/libc.a(lib_a-svfprintf.o)
 .rodata._svfprintf_r.str1.4
                0x000000000000c28c       0x42 /usr/local/gcc-arm-none-eabi-8-2018-q4-major/bin/../lib/gcc/arm-none-eabi/8.2.1/../../../../arm-none-eabi/lib/thumb/v6-m/nofp/libc.a(lib_a-svfprintf.o)
 *fill*         0x000000000000c2ce        0x2 
 .rodata.blanks.7365
                0x000000000000c2d0       0x10 /usr/local/gcc-arm-none-eabi-8-2018-q4-major/bin/../lib/gcc/arm-none-eabi/8.2.1/../../../../arm-none-eabi/lib/thumb/v6-m/nofp/libc.a(lib_a-svfprintf.o)
 .rodata.zeroes.7366
                0x000000000000c2e0       0x10 /usr/local/gcc-arm-none-eabi-8-2018-q4-major/bin/../lib/gcc/arm-none-eabi/8.2.1/../../../../arm-none-eabi/lib/thumb/v6-m/nofp/libc.a(lib_a-svfprintf.o)
 .rodata._dtoa_r.str1.4
                0x000000000000c2f0        0xd /usr/local/gcc-arm-none-eabi-8-2018-q4-major/bin/../lib/gcc/arm-none-eabi/8.2.1/../../../../arm-none-eabi/lib/thumb/v6-m/nofp/libc.a(lib_a-dtoa.o)
                                         0x12 (size before relaxing)
 *fill*         0x000000000000c2fd        0x3 
 .rodata.__mprec_bigtens
                0x000000000000c300       0x28 /usr/local/gcc-arm-none-eabi-8-2018-q4-major/bin/../lib/gcc/arm-none-eabi/8.2.1/../../../../arm-none-eabi/lib/thumb/v6-m/nofp/libc.a(lib_a-mprec.o)
                0x000000000000c300                __mprec_bigtens
 .rodata.__mprec_tens
                0x000000000000c328       0xc8 /usr/local/gcc-arm-none-eabi-8-2018-q4-major/bin/../lib/gcc/arm-none-eabi/8.2.1/../../../../arm-none-eabi/lib/thumb/v6-m/nofp/libc.a(lib_a-mprec.o)
                0x000000000000c328                __mprec_tens
 .rodata.p05.6135
                0x000000000000c3f0        0xc /usr/local/gcc-arm-none-eabi-8-2018-q4-major/bin/../lib/gcc/arm-none-eabi/8.2.1/../../../../arm-none-eabi/lib/thumb/v6-m/nofp/libc.a(lib_a-mprec.o)
 .rodata._setlocale_r.str1.4
                0x000000000000c3fc        0xa /usr/local/gcc-arm-none-eabi-8-2018-q4-major/bin/../lib/gcc/arm-none-eabi/8.2.1/../../../../arm-none-eabi/lib/thumb/v6-m/nofp/libc.a(lib_a-locale.o)
                                          0xd (size before relaxing)
 *fill*         0x000000000000c406        0x2 
 .rodata.str1.4
                0x000000000000c408        0x4 /usr/local/gcc-arm-none-eabi-8-2018-q4-major/bin/../lib/gcc/arm-none-eabi/8.2.1/../../../../arm-none-eabi/lib/thumb/v6-m/nofp/libc.a(lib_a-locale.o)
                                          0x2 (size before relaxing)
 .rodata._ctype_
                0x000000000000c40c      0x101 /usr/local/gcc-arm-none-eabi-8-2018-q4-major/bin/../lib/gcc/arm-none-eabi/8.2.1/../../../../arm-none-eabi/lib/thumb/v6-m/nofp/libc.a(lib_a-ctype_.o)
                0x000000000000c40c                _ctype_
 *fill*         0x000000000000c50d        0x3 
 .rodata        0x000000000000c510       0x40 /usr/local/gcc-arm-none-eabi-8-2018-q4-major/bin/../lib/gcc/arm-none-eabi/8.2.1/thumb/v6-m/nofp/libgcc.a(divdf3.o)
 .rodata        0x000000000000c550       0x40 /usr/local/gcc-arm-none-eabi-8-2018-q4-major/bin/../lib/gcc/arm-none-eabi/8.2.1/thumb/v6-m/nofp/libgcc.a(muldf3.o)
                0x000000000000c590                . = ALIGN (0x4)

.glue_7         0x000000000000c590        0x0
 .glue_7        0x000000000000c590        0x0 linker stubs

.glue_7t        0x000000000000c590        0x0
 .glue_7t       0x000000000000c590        0x0 linker stubs

.vfp11_veneer   0x000000000000c590        0x0
 .vfp11_veneer  0x000000000000c590        0x0 linker stubs

.v4_bx          0x000000000000c590        0x0
 .v4_bx         0x000000000000c590        0x0 linker stubs

.iplt           0x000000000000c590        0x0
 .iplt          0x000000000000c590        0x0 draw.o

.preinit_array  0x000000000000c590        0x0
                0x000000000000c590                . = ALIGN (0x4)
                0x000000000000c590                __preinit_array_start = .
 *(.preinit_array)
                0x000000000000c590                __preinit_array_end = .

.init_array     0x000000000000c590        0x0
                0x000000000000c590                . = ALIGN (0x4)
                0x000000000000c590                __init_array_start = .
 *(SORT_BY_NAME(.init_array.*))
 *(.init_array)
                0x000000000000c590                __init_array_end = .

.fini_array     0x000000000000c590        0x0
                0x000000000000c590                . = ALIGN (0x4)
                0x000000000000c590                __fini_array_start = .
 *(.fini_array)
 *(SORT_BY_NAME(.fini_array.*))
                0x000000000000c590                __fini_array_end = .

.ARM.extab
 *(.ARM.extab*)

.ARM.exidx      0x000000000000c590        0x8
                0x000000000000c590                __exidx_start = .
 *(.ARM.exidx*)
 .ARM.exidx     0x000000000000c590        0x8 /usr/local/gcc-arm-none-eabi-8-2018-q4-major/bin/../lib/gcc/arm-none-eabi/8.2.1/thumb/v6-m/nofp/libgcc.a(_udivmoddi4.o)
                0x000000000000c598                __exidx_end = .

.rel.dyn        0x000000000000c598        0x0
 .rel.iplt      0x000000000000c598        0x0 draw.o
                0x000000000000c598                . = ALIGN (0x4)
                0x000000000000c598                _etext = .

.data           0x0000000020000000      0x9b4 load address 0x000000000000c598
                0x0000000020000000                _data = .
 *(.data*)
 .data.usb_strings
                0x0000000020000000        0xc draw.o
 .data._impure_ptr
                0x000000002000000c        0x4 /usr/local/gcc-arm-none-eabi-8-2018-q4-major/bin/../lib/gcc/arm-none-eabi/8.2.1/../../../../arm-none-eabi/lib/thumb/v6-m/nofp/libc.a(lib_a-impure.o)
                0x000000002000000c                _impure_ptr
 .data.impure_data
                0x0000000020000010      0x428 /usr/local/gcc-arm-none-eabi-8-2018-q4-major/bin/../lib/gcc/arm-none-eabi/8.2.1/../../../../arm-none-eabi/lib/thumb/v6-m/nofp/libc.a(lib_a-impure.o)
 .data.__malloc_av_
                0x0000000020000438      0x408 /usr/local/gcc-arm-none-eabi-8-2018-q4-major/bin/../lib/gcc/arm-none-eabi/8.2.1/../../../../arm-none-eabi/lib/thumb/v6-m/nofp/libc.a(lib_a-mallocr.o)
                0x0000000020000438                __malloc_av_
 .data.__malloc_sbrk_base
                0x0000000020000840        0x4 /usr/local/gcc-arm-none-eabi-8-2018-q4-major/bin/../lib/gcc/arm-none-eabi/8.2.1/../../../../arm-none-eabi/lib/thumb/v6-m/nofp/libc.a(lib_a-mallocr.o)
                0x0000000020000840                __malloc_sbrk_base
 .data.__malloc_trim_threshold
                0x0000000020000844        0x4 /usr/local/gcc-arm-none-eabi-8-2018-q4-major/bin/../lib/gcc/arm-none-eabi/8.2.1/../../../../arm-none-eabi/lib/thumb/v6-m/nofp/libc.a(lib_a-mallocr.o)
                0x0000000020000844                __malloc_trim_threshold
 .data.__global_locale
                0x0000000020000848      0x16c /usr/local/gcc-arm-none-eabi-8-2018-q4-major/bin/../lib/gcc/arm-none-eabi/8.2.1/../../../../arm-none-eabi/lib/thumb/v6-m/nofp/libc.a(lib_a-locale.o)
                0x0000000020000848                __global_locale
                0x00000000200009b4                . = ALIGN (0x4)
                0x00000000200009b4                _edata = .
                0x000000000000c598                _data_loadaddr = LOADADDR (.data)

.igot.plt       0x00000000200009b4        0x0 load address 0x000000000000cf4c
 .igot.plt      0x00000000200009b4        0x0 draw.o

.bss            0x00000000200009b4      0x1e4 load address 0x000000000000cf4c
 *(.bss*)
 .bss.g_usbd_dev
                0x00000000200009b4        0x4 draw.o
                0x00000000200009b4                g_usbd_dev
 .bss.g_usbd_is_connected
                0x00000000200009b8        0x1 draw.o
                0x00000000200009b8                g_usbd_is_connected
 .bss.usbd_control_buffer
                0x00000000200009b9       0x80 draw.o
                0x00000000200009b9                usbd_control_buffer
 *fill*         0x0000000020000a39        0x3 
 .bss._usbd_dev
                0x0000000020000a3c       0xfc ../libopencm3//lib/libopencm3_efm32hg.a(usb_efm32hg.o)
 .bss.__malloc_current_mallinfo
                0x0000000020000b38       0x28 /usr/local/gcc-arm-none-eabi-8-2018-q4-major/bin/../lib/gcc/arm-none-eabi/8.2.1/../../../../arm-none-eabi/lib/thumb/v6-m/nofp/libc.a(lib_a-mallocr.o)
                0x0000000020000b38                __malloc_current_mallinfo
 .bss.__malloc_max_sbrked_mem
                0x0000000020000b60        0x4 /usr/local/gcc-arm-none-eabi-8-2018-q4-major/bin/../lib/gcc/arm-none-eabi/8.2.1/../../../../arm-none-eabi/lib/thumb/v6-m/nofp/libc.a(lib_a-mallocr.o)
                0x0000000020000b60                __malloc_max_sbrked_mem
 .bss.__malloc_max_total_mem
                0x0000000020000b64        0x4 /usr/local/gcc-arm-none-eabi-8-2018-q4-major/bin/../lib/gcc/arm-none-eabi/8.2.1/../../../../arm-none-eabi/lib/thumb/v6-m/nofp/libc.a(lib_a-mallocr.o)
                0x0000000020000b64                __malloc_max_total_mem
 .bss.__malloc_top_pad
                0x0000000020000b68        0x4 /usr/local/gcc-arm-none-eabi-8-2018-q4-major/bin/../lib/gcc/arm-none-eabi/8.2.1/../../../../arm-none-eabi/lib/thumb/v6-m/nofp/libc.a(lib_a-mallocr.o)
                0x0000000020000b68                __malloc_top_pad
 .bss.heap_end.4194
                0x0000000020000b6c        0x4 /usr/local/gcc-arm-none-eabi-8-2018-q4-major/bin/../lib/gcc/arm-none-eabi/8.2.1/../../../../arm-none-eabi/lib/thumb/v6-m/nofp/libnosys.a(sbrk.o)
 *(COMMON)
 COMMON         0x0000000020000b70       0x21 /usr/local/gcc-arm-none-eabi-8-2018-q4-major/bin/../lib/gcc/arm-none-eabi/8.2.1/../../../../arm-none-eabi/lib/thumb/v6-m/nofp/libc.a(lib_a-lock.o)
                0x0000000020000b70                __lock___atexit_recursive_mutex
                0x0000000020000b74                __lock___arc4random_mutex
                0x0000000020000b78                __lock___env_recursive_mutex
                0x0000000020000b7c                __lock___sinit_recursive_mutex
                0x0000000020000b80                __lock___malloc_recursive_mutex
                0x0000000020000b84                __lock___at_quick_exit_mutex
                0x0000000020000b88                __lock___dd_hash_mutex
                0x0000000020000b8c                __lock___tz_mutex
                0x0000000020000b90                __lock___sfp_recursive_mutex
 *fill*         0x0000000020000b91        0x3 
 COMMON         0x0000000020000b94        0x4 /usr/local/gcc-arm-none-eabi-8-2018-q4-major/bin/../lib/gcc/arm-none-eabi/8.2.1/../../../../arm-none-eabi/lib/thumb/v6-m/nofp/libc.a(lib_a-reent.o)
                0x0000000020000b94                errno
                0x0000000020000b98                . = ALIGN (0x4)
                0x0000000020000b98                _ebss = .

/DISCARD/
 *(.eh_frame)
                0x0000000020000b98                . = ALIGN (0x4)
                0x0000000020000b98                end = .
                0x0000000020002000                PROVIDE (_stack = (ORIGIN (ram) + LENGTH (ram)))
OUTPUT(draw.elf elf32-littlearm)

.debug_info     0x0000000000000000     0xa71d
 .debug_info    0x0000000000000000     0x1a3a draw.o
 .debug_info    0x0000000000001a3a      0x335 ../libopencm3//lib/libopencm3_efm32hg.a(cmu.o)
 .debug_info    0x0000000000001d6f      0x3ac ../libopencm3//lib/libopencm3_efm32hg.a(gpio_common_hglg.o)
 .debug_info    0x000000000000211b      0x2e9 ../libopencm3//lib/libopencm3_efm32hg.a(i2c_common_hglg.o)
 .debug_info    0x0000000000002404     0x17ec ../libopencm3//lib/libopencm3_efm32hg.a(usb.o)
 .debug_info    0x0000000000003bf0     0x194d ../libopencm3//lib/libopencm3_efm32hg.a(usb_control.o)
 .debug_info    0x000000000000553d     0x2033 ../libopencm3//lib/libopencm3_efm32hg.a(usb_standard.o)
 .debug_info    0x0000000000007570     0x1499 ../libopencm3//lib/libopencm3_efm32hg.a(usb_efm32hg.o)
 .debug_info    0x0000000000008a09      0x2dc ../libopencm3//lib/libopencm3_efm32hg.a(vector.o)
 .debug_info    0x0000000000008ce5      0x1df ../libopencm3//lib/libopencm3_efm32hg.a(nvic.o)
 .debug_info    0x0000000000008ec4     0x1859 ../libopencm3//lib/libopencm3_efm32hg.a(usb_dwc_common.o)

.debug_abbrev   0x0000000000000000     0x1dea
 .debug_abbrev  0x0000000000000000      0x434 draw.o
 .debug_abbrev  0x0000000000000434      0x14d ../libopencm3//lib/libopencm3_efm32hg.a(cmu.o)
 .debug_abbrev  0x0000000000000581      0x117 ../libopencm3//lib/libopencm3_efm32hg.a(gpio_common_hglg.o)
 .debug_abbrev  0x0000000000000698      0x167 ../libopencm3//lib/libopencm3_efm32hg.a(i2c_common_hglg.o)
 .debug_abbrev  0x00000000000007ff      0x336 ../libopencm3//lib/libopencm3_efm32hg.a(usb.o)
 .debug_abbrev  0x0000000000000b35      0x43a ../libopencm3//lib/libopencm3_efm32hg.a(usb_control.o)
 .debug_abbrev  0x0000000000000f6f      0x597 ../libopencm3//lib/libopencm3_efm32hg.a(usb_standard.o)
 .debug_abbrev  0x0000000000001506      0x2c4 ../libopencm3//lib/libopencm3_efm32hg.a(usb_efm32hg.o)
 .debug_abbrev  0x00000000000017ca      0x145 ../libopencm3//lib/libopencm3_efm32hg.a(vector.o)
 .debug_abbrev  0x000000000000190f       0xb5 ../libopencm3//lib/libopencm3_efm32hg.a(nvic.o)
 .debug_abbrev  0x00000000000019c4      0x426 ../libopencm3//lib/libopencm3_efm32hg.a(usb_dwc_common.o)

.debug_loc      0x0000000000000000     0x36f4
 .debug_loc     0x0000000000000000      0x2d5 draw.o
 .debug_loc     0x00000000000002d5      0x115 ../libopencm3//lib/libopencm3_efm32hg.a(cmu.o)
 .debug_loc     0x00000000000003ea      0x114 ../libopencm3//lib/libopencm3_efm32hg.a(gpio_common_hglg.o)
 .debug_loc     0x00000000000004fe      0x3c1 ../libopencm3//lib/libopencm3_efm32hg.a(i2c_common_hglg.o)
 .debug_loc     0x00000000000008bf      0x4db ../libopencm3//lib/libopencm3_efm32hg.a(usb.o)
 .debug_loc     0x0000000000000d9a      0x7ad ../libopencm3//lib/libopencm3_efm32hg.a(usb_control.o)
 .debug_loc     0x0000000000001547     0x1432 ../libopencm3//lib/libopencm3_efm32hg.a(usb_standard.o)
 .debug_loc     0x0000000000002979       0xf2 ../libopencm3//lib/libopencm3_efm32hg.a(vector.o)
 .debug_loc     0x0000000000002a6b      0x110 ../libopencm3//lib/libopencm3_efm32hg.a(nvic.o)
 .debug_loc     0x0000000000002b7b      0xb79 ../libopencm3//lib/libopencm3_efm32hg.a(usb_dwc_common.o)

.debug_aranges  0x0000000000000000      0x410
 .debug_aranges
                0x0000000000000000       0x50 draw.o
 .debug_aranges
                0x0000000000000050       0x80 ../libopencm3//lib/libopencm3_efm32hg.a(cmu.o)
 .debug_aranges
                0x00000000000000d0       0x78 ../libopencm3//lib/libopencm3_efm32hg.a(gpio_common_hglg.o)
 .debug_aranges
                0x0000000000000148       0x40 ../libopencm3//lib/libopencm3_efm32hg.a(i2c_common_hglg.o)
 .debug_aranges
                0x0000000000000188       0x88 ../libopencm3//lib/libopencm3_efm32hg.a(usb.o)
 .debug_aranges
                0x0000000000000210       0x60 ../libopencm3//lib/libopencm3_efm32hg.a(usb_control.o)
 .debug_aranges
                0x0000000000000270       0x98 ../libopencm3//lib/libopencm3_efm32hg.a(usb_standard.o)
 .debug_aranges
                0x0000000000000308       0x20 ../libopencm3//lib/libopencm3_efm32hg.a(usb_efm32hg.o)
 .debug_aranges
                0x0000000000000328       0x30 ../libopencm3//lib/libopencm3_efm32hg.a(vector.o)
 .debug_aranges
                0x0000000000000358       0x50 ../libopencm3//lib/libopencm3_efm32hg.a(nvic.o)
 .debug_aranges
                0x00000000000003a8       0x68 ../libopencm3//lib/libopencm3_efm32hg.a(usb_dwc_common.o)

.debug_ranges   0x0000000000000000      0x3d8
 .debug_ranges  0x0000000000000000       0x40 draw.o
 .debug_ranges  0x0000000000000040       0x70 ../libopencm3//lib/libopencm3_efm32hg.a(cmu.o)
 .debug_ranges  0x00000000000000b0       0x68 ../libopencm3//lib/libopencm3_efm32hg.a(gpio_common_hglg.o)
 .debug_ranges  0x0000000000000118       0x48 ../libopencm3//lib/libopencm3_efm32hg.a(i2c_common_hglg.o)
 .debug_ranges  0x0000000000000160       0x78 ../libopencm3//lib/libopencm3_efm32hg.a(usb.o)
 .debug_ranges  0x00000000000001d8       0x50 ../libopencm3//lib/libopencm3_efm32hg.a(usb_control.o)
 .debug_ranges  0x0000000000000228       0xd0 ../libopencm3//lib/libopencm3_efm32hg.a(usb_standard.o)
 .debug_ranges  0x00000000000002f8       0x10 ../libopencm3//lib/libopencm3_efm32hg.a(usb_efm32hg.o)
 .debug_ranges  0x0000000000000308       0x20 ../libopencm3//lib/libopencm3_efm32hg.a(vector.o)
 .debug_ranges  0x0000000000000328       0x40 ../libopencm3//lib/libopencm3_efm32hg.a(nvic.o)
 .debug_ranges  0x0000000000000368       0x70 ../libopencm3//lib/libopencm3_efm32hg.a(usb_dwc_common.o)

.debug_macro    0x0000000000000000     0x64f6
 .debug_macro   0x0000000000000000      0x2fe draw.o
 .debug_macro   0x00000000000002fe      0xa6c draw.o
 .debug_macro   0x0000000000000d6a       0x22 draw.o
 .debug_macro   0x0000000000000d8c       0x64 draw.o
 .debug_macro   0x0000000000000df0       0x51 draw.o
 .debug_macro   0x0000000000000e41       0xef draw.o
 .debug_macro   0x0000000000000f30       0x6a draw.o
 .debug_macro   0x0000000000000f9a      0x1df draw.o
 .debug_macro   0x0000000000001179       0x22 draw.o
 .debug_macro   0x000000000000119b       0xfa draw.o
 .debug_macro   0x0000000000001295       0x34 draw.o
 .debug_macro   0x00000000000012c9       0x40 draw.o
 .debug_macro   0x0000000000001309       0x88 draw.o
 .debug_macro   0x0000000000001391      0x1b7 draw.o
 .debug_macro   0x0000000000001548      0x19c draw.o
 .debug_macro   0x00000000000016e4       0x10 draw.o
 .debug_macro   0x00000000000016f4       0x65 draw.o
 .debug_macro   0x0000000000001759      0x1a2 draw.o
 .debug_macro   0x00000000000018fb       0xe8 draw.o
 .debug_macro   0x00000000000019e3      0x513 draw.o
 .debug_macro   0x0000000000001ef6      0xa3c draw.o
 .debug_macro   0x0000000000002932      0x53a draw.o
 .debug_macro   0x0000000000002e6c       0x5e draw.o
 .debug_macro   0x0000000000002eca       0x18 draw.o
 .debug_macro   0x0000000000002ee2       0x35 draw.o
 .debug_macro   0x0000000000002f17       0x34 draw.o
 .debug_macro   0x0000000000002f4b       0x16 draw.o
 .debug_macro   0x0000000000002f61       0x97 draw.o
 .debug_macro   0x0000000000002ff8      0x35c draw.o
 .debug_macro   0x0000000000003354       0xf6 draw.o
 .debug_macro   0x000000000000344a       0x10 draw.o
 .debug_macro   0x000000000000345a       0x58 draw.o
 .debug_macro   0x00000000000034b2       0x1f draw.o
 .debug_macro   0x00000000000034d1       0x43 draw.o
 .debug_macro   0x0000000000003514       0x20 draw.o
 .debug_macro   0x0000000000003534      0x18e draw.o
 .debug_macro   0x00000000000036c2       0x10 draw.o
 .debug_macro   0x00000000000036d2       0xb6 draw.o
 .debug_macro   0x0000000000003788       0x16 draw.o
 .debug_macro   0x000000000000379e       0x3d draw.o
 .debug_macro   0x00000000000037db       0x16 draw.o
 .debug_macro   0x00000000000037f1      0x13e draw.o
 .debug_macro   0x000000000000392f       0x16 draw.o
 .debug_macro   0x0000000000003945       0x35 draw.o
 .debug_macro   0x000000000000397a       0x4c draw.o
 .debug_macro   0x00000000000039c6       0xb6 ../libopencm3//lib/libopencm3_efm32hg.a(cmu.o)
 .debug_macro   0x0000000000003a7c      0xa66 ../libopencm3//lib/libopencm3_efm32hg.a(cmu.o)
 .debug_macro   0x00000000000044e2      0x19c ../libopencm3//lib/libopencm3_efm32hg.a(cmu.o)
 .debug_macro   0x000000000000467e       0x56 ../libopencm3//lib/libopencm3_efm32hg.a(cmu.o)
 .debug_macro   0x00000000000046d4       0xb4 ../libopencm3//lib/libopencm3_efm32hg.a(gpio_common_hglg.o)
 .debug_macro   0x0000000000004788       0xba ../libopencm3//lib/libopencm3_efm32hg.a(i2c_common_hglg.o)
 .debug_macro   0x0000000000004842      0x149 ../libopencm3//lib/libopencm3_efm32hg.a(usb.o)
 .debug_macro   0x000000000000498b       0x58 ../libopencm3//lib/libopencm3_efm32hg.a(usb.o)
 .debug_macro   0x00000000000049e3       0x5c ../libopencm3//lib/libopencm3_efm32hg.a(usb.o)
 .debug_macro   0x0000000000004a3f      0x16d ../libopencm3//lib/libopencm3_efm32hg.a(usb.o)
 .debug_macro   0x0000000000004bac       0x57 ../libopencm3//lib/libopencm3_efm32hg.a(usb.o)
 .debug_macro   0x0000000000004c03       0x10 ../libopencm3//lib/libopencm3_efm32hg.a(usb.o)
 .debug_macro   0x0000000000004c13      0x196 ../libopencm3//lib/libopencm3_efm32hg.a(usb.o)
 .debug_macro   0x0000000000004da9       0x1c ../libopencm3//lib/libopencm3_efm32hg.a(usb.o)
 .debug_macro   0x0000000000004dc5      0x157 ../libopencm3//lib/libopencm3_efm32hg.a(usb_control.o)
 .debug_macro   0x0000000000004f1c       0x16 ../libopencm3//lib/libopencm3_efm32hg.a(usb_control.o)
 .debug_macro   0x0000000000004f32      0x10e ../libopencm3//lib/libopencm3_efm32hg.a(usb_control.o)
 .debug_macro   0x0000000000005040       0x86 ../libopencm3//lib/libopencm3_efm32hg.a(usb_control.o)
 .debug_macro   0x00000000000050c6       0x22 ../libopencm3//lib/libopencm3_efm32hg.a(usb_control.o)
 .debug_macro   0x00000000000050e8      0x149 ../libopencm3//lib/libopencm3_efm32hg.a(usb_standard.o)
 .debug_macro   0x0000000000005231      0x1bb ../libopencm3//lib/libopencm3_efm32hg.a(usb_efm32hg.o)
 .debug_macro   0x00000000000053ec      0x8d7 ../libopencm3//lib/libopencm3_efm32hg.a(usb_efm32hg.o)
 .debug_macro   0x0000000000005cc3      0x130 ../libopencm3//lib/libopencm3_efm32hg.a(usb_efm32hg.o)
 .debug_macro   0x0000000000005df3       0x76 ../libopencm3//lib/libopencm3_efm32hg.a(usb_efm32hg.o)
 .debug_macro   0x0000000000005e69       0xd0 ../libopencm3//lib/libopencm3_efm32hg.a(vector.o)
 .debug_macro   0x0000000000005f39      0x1b1 ../libopencm3//lib/libopencm3_efm32hg.a(vector.o)
 .debug_macro   0x00000000000060ea       0x46 ../libopencm3//lib/libopencm3_efm32hg.a(vector.o)
 .debug_macro   0x0000000000006130       0xb4 ../libopencm3//lib/libopencm3_efm32hg.a(nvic.o)
 .debug_macro   0x00000000000061e4      0x1b0 ../libopencm3//lib/libopencm3_efm32hg.a(nvic.o)
 .debug_macro   0x0000000000006394      0x162 ../libopencm3//lib/libopencm3_efm32hg.a(usb_dwc_common.o)

.debug_line     0x0000000000000000     0x48c1
 .debug_line    0x0000000000000000      0x6c0 draw.o
 .debug_line    0x00000000000006c0      0x668 ../libopencm3//lib/libopencm3_efm32hg.a(cmu.o)
 .debug_line    0x0000000000000d28      0x4e6 ../libopencm3//lib/libopencm3_efm32hg.a(gpio_common_hglg.o)
 .debug_line    0x000000000000120e      0x682 ../libopencm3//lib/libopencm3_efm32hg.a(i2c_common_hglg.o)
 .debug_line    0x0000000000001890      0x576 ../libopencm3//lib/libopencm3_efm32hg.a(usb.o)
 .debug_line    0x0000000000001e06      0x6ec ../libopencm3//lib/libopencm3_efm32hg.a(usb_control.o)
 .debug_line    0x00000000000024f2      0xc02 ../libopencm3//lib/libopencm3_efm32hg.a(usb_standard.o)
 .debug_line    0x00000000000030f4      0x4d9 ../libopencm3//lib/libopencm3_efm32hg.a(usb_efm32hg.o)
 .debug_line    0x00000000000035cd      0x3fc ../libopencm3//lib/libopencm3_efm32hg.a(vector.o)
 .debug_line    0x00000000000039c9      0x392 ../libopencm3//lib/libopencm3_efm32hg.a(nvic.o)
 .debug_line    0x0000000000003d5b      0xb66 ../libopencm3//lib/libopencm3_efm32hg.a(usb_dwc_common.o)

.debug_str      0x0000000000000000    0x17399
 .debug_str     0x0000000000000000    0x124f7 draw.o
                                      0x1283c (size before relaxing)
 .debug_str     0x00000000000124f7      0x29a ../libopencm3//lib/libopencm3_efm32hg.a(cmu.o)
                                       0x92d6 (size before relaxing)
 .debug_str     0x0000000000012791      0x148 ../libopencm3//lib/libopencm3_efm32hg.a(gpio_common_hglg.o)
                                       0x6ba7 (size before relaxing)
 .debug_str     0x00000000000128d9       0x58 ../libopencm3//lib/libopencm3_efm32hg.a(i2c_common_hglg.o)
                                       0x63f7 (size before relaxing)
 .debug_str     0x0000000000012931      0x41f ../libopencm3//lib/libopencm3_efm32hg.a(usb.o)
                                       0x7f39 (size before relaxing)
 .debug_str     0x0000000000012d50      0x19b ../libopencm3//lib/libopencm3_efm32hg.a(usb_control.o)
                                       0x7f86 (size before relaxing)
 .debug_str     0x0000000000012eeb      0x2bc ../libopencm3//lib/libopencm3_efm32hg.a(usb_standard.o)
                                       0x80b9 (size before relaxing)
 .debug_str     0x00000000000131a7     0x3393 ../libopencm3//lib/libopencm3_efm32hg.a(usb_efm32hg.o)
                                      0x103f2 (size before relaxing)
 .debug_str     0x000000000001653a      0x363 ../libopencm3//lib/libopencm3_efm32hg.a(vector.o)
                                       0x5062 (size before relaxing)
 .debug_str     0x000000000001689d      0x9ab ../libopencm3//lib/libopencm3_efm32hg.a(nvic.o)
                                       0x4d09 (size before relaxing)
 .debug_str     0x0000000000017248      0x151 ../libopencm3//lib/libopencm3_efm32hg.a(usb_dwc_common.o)
                                       0xa586 (size before relaxing)

.comment        0x0000000000000000       0x75
 .comment       0x0000000000000000       0x75 draw.o
                                         0x76 (size before relaxing)
 .comment       0x0000000000000075       0x76 ../libopencm3//lib/libopencm3_efm32hg.a(cmu.o)
 .comment       0x0000000000000075       0x76 ../libopencm3//lib/libopencm3_efm32hg.a(gpio_common_hglg.o)
 .comment       0x0000000000000075       0x76 ../libopencm3//lib/libopencm3_efm32hg.a(i2c_common_hglg.o)
 .comment       0x0000000000000075       0x76 ../libopencm3//lib/libopencm3_efm32hg.a(usb.o)
 .comment       0x0000000000000075       0x76 ../libopencm3//lib/libopencm3_efm32hg.a(usb_control.o)
 .comment       0x0000000000000075       0x76 ../libopencm3//lib/libopencm3_efm32hg.a(usb_standard.o)
 .comment       0x0000000000000075       0x76 ../libopencm3//lib/libopencm3_efm32hg.a(usb_efm32hg.o)
 .comment       0x0000000000000075       0x76 ../libopencm3//lib/libopencm3_efm32hg.a(vector.o)
 .comment       0x0000000000000075       0x76 ../libopencm3//lib/libopencm3_efm32hg.a(nvic.o)
 .comment       0x0000000000000075       0x76 ../libopencm3//lib/libopencm3_efm32hg.a(usb_dwc_common.o)

.ARM.attributes
                0x0000000000000000       0x2a
 .ARM.attributes
                0x0000000000000000       0x2c draw.o
 .ARM.attributes
                0x000000000000002c       0x2c ../libopencm3//lib/libopencm3_efm32hg.a(cmu.o)
 .ARM.attributes
                0x0000000000000058       0x2c ../libopencm3//lib/libopencm3_efm32hg.a(gpio_common_hglg.o)
 .ARM.attributes
                0x0000000000000084       0x2c ../libopencm3//lib/libopencm3_efm32hg.a(i2c_common_hglg.o)
 .ARM.attributes
                0x00000000000000b0       0x2c ../libopencm3//lib/libopencm3_efm32hg.a(usb.o)
 .ARM.attributes
                0x00000000000000dc       0x2c ../libopencm3//lib/libopencm3_efm32hg.a(usb_control.o)
 .ARM.attributes
                0x0000000000000108       0x2c ../libopencm3//lib/libopencm3_efm32hg.a(usb_standard.o)
 .ARM.attributes
                0x0000000000000134       0x2c ../libopencm3//lib/libopencm3_efm32hg.a(usb_efm32hg.o)
 .ARM.attributes
                0x0000000000000160       0x2c ../libopencm3//lib/libopencm3_efm32hg.a(vector.o)
 .ARM.attributes
                0x000000000000018c       0x2c ../libopencm3//lib/libopencm3_efm32hg.a(nvic.o)
 .ARM.attributes
                0x00000000000001b8       0x2c ../libopencm3//lib/libopencm3_efm32hg.a(usb_dwc_common.o)
 .ARM.attributes
                0x00000000000001e4       0x2c /usr/local/gcc-arm-none-eabi-8-2018-q4-major/bin/../lib/gcc/arm-none-eabi/8.2.1/../../../../arm-none-eabi/lib/thumb/v6-m/nofp/libc.a(lib_a-memcpy-stub.o)
 .ARM.attributes
                0x0000000000000210       0x2c /usr/local/gcc-arm-none-eabi-8-2018-q4-major/bin/../lib/gcc/arm-none-eabi/8.2.1/../../../../arm-none-eabi/lib/thumb/v6-m/nofp/libc.a(lib_a-strlen-stub.o)
 .ARM.attributes
                0x000000000000023c       0x2c /usr/local/gcc-arm-none-eabi-8-2018-q4-major/bin/../lib/gcc/arm-none-eabi/8.2.1/../../../../arm-none-eabi/lib/thumb/v6-m/nofp/libc.a(lib_a-strnlen.o)
 .ARM.attributes
                0x0000000000000268       0x2c /usr/local/gcc-arm-none-eabi-8-2018-q4-major/bin/../lib/gcc/arm-none-eabi/8.2.1/../../../../arm-none-eabi/lib/thumb/v6-m/nofp/libc.a(lib_a-vsnprintf.o)
 .ARM.attributes
                0x0000000000000294       0x2c /usr/local/gcc-arm-none-eabi-8-2018-q4-major/bin/../lib/gcc/arm-none-eabi/8.2.1/../../../../arm-none-eabi/lib/thumb/v6-m/nofp/libc.a(lib_a-impure.o)
 .ARM.attributes
                0x00000000000002c0       0x2c /usr/local/gcc-arm-none-eabi-8-2018-q4-major/bin/../lib/gcc/arm-none-eabi/8.2.1/../../../../arm-none-eabi/lib/thumb/v6-m/nofp/libc.a(lib_a-svfprintf.o)
 .ARM.attributes
                0x00000000000002ec       0x2c /usr/local/gcc-arm-none-eabi-8-2018-q4-major/bin/../lib/gcc/arm-none-eabi/8.2.1/../../../../arm-none-eabi/lib/thumb/v6-m/nofp/libc.a(lib_a-dtoa.o)
 .ARM.attributes
                0x0000000000000318       0x2c /usr/local/gcc-arm-none-eabi-8-2018-q4-major/bin/../lib/gcc/arm-none-eabi/8.2.1/../../../../arm-none-eabi/lib/thumb/v6-m/nofp/libc.a(lib_a-freer.o)
 .ARM.attributes
                0x0000000000000344       0x2c /usr/local/gcc-arm-none-eabi-8-2018-q4-major/bin/../lib/gcc/arm-none-eabi/8.2.1/../../../../arm-none-eabi/lib/thumb/v6-m/nofp/libc.a(lib_a-localeconv.o)
 .ARM.attributes
                0x0000000000000370       0x2c /usr/local/gcc-arm-none-eabi-8-2018-q4-major/bin/../lib/gcc/arm-none-eabi/8.2.1/../../../../arm-none-eabi/lib/thumb/v6-m/nofp/libc.a(lib_a-mallocr.o)
 .ARM.attributes
                0x000000000000039c       0x2c /usr/local/gcc-arm-none-eabi-8-2018-q4-major/bin/../lib/gcc/arm-none-eabi/8.2.1/../../../../arm-none-eabi/lib/thumb/v6-m/nofp/libc.a(lib_a-memchr-stub.o)
 .ARM.attributes
                0x00000000000003c8       0x2c /usr/local/gcc-arm-none-eabi-8-2018-q4-major/bin/../lib/gcc/arm-none-eabi/8.2.1/../../../../arm-none-eabi/lib/thumb/v6-m/nofp/libc.a(lib_a-mlock.o)
 .ARM.attributes
                0x00000000000003f4       0x2c /usr/local/gcc-arm-none-eabi-8-2018-q4-major/bin/../lib/gcc/arm-none-eabi/8.2.1/../../../../arm-none-eabi/lib/thumb/v6-m/nofp/libc.a(lib_a-mprec.o)
 .ARM.attributes
                0x0000000000000420       0x2c /usr/local/gcc-arm-none-eabi-8-2018-q4-major/bin/../lib/gcc/arm-none-eabi/8.2.1/../../../../arm-none-eabi/lib/thumb/v6-m/nofp/libc.a(lib_a-s_frexp.o)
 .ARM.attributes
                0x000000000000044c       0x2c /usr/local/gcc-arm-none-eabi-8-2018-q4-major/bin/../lib/gcc/arm-none-eabi/8.2.1/../../../../arm-none-eabi/lib/thumb/v6-m/nofp/libc.a(lib_a-sbrkr.o)
 .ARM.attributes
                0x0000000000000478       0x2c /usr/local/gcc-arm-none-eabi-8-2018-q4-major/bin/../lib/gcc/arm-none-eabi/8.2.1/../../../../arm-none-eabi/lib/thumb/v6-m/nofp/libc.a(lib_a-strncpy.o)
 .ARM.attributes
                0x00000000000004a4       0x2c /usr/local/gcc-arm-none-eabi-8-2018-q4-major/bin/../lib/gcc/arm-none-eabi/8.2.1/../../../../arm-none-eabi/lib/thumb/v6-m/nofp/libc.a(lib_a-svfiprintf.o)
 .ARM.attributes
                0x00000000000004d0       0x2c /usr/local/gcc-arm-none-eabi-8-2018-q4-major/bin/../lib/gcc/arm-none-eabi/8.2.1/../../../../arm-none-eabi/lib/thumb/v6-m/nofp/libc.a(lib_a-callocr.o)
 .ARM.attributes
                0x00000000000004fc       0x2c /usr/local/gcc-arm-none-eabi-8-2018-q4-major/bin/../lib/gcc/arm-none-eabi/8.2.1/../../../../arm-none-eabi/lib/thumb/v6-m/nofp/libc.a(lib_a-locale.o)
 .ARM.attributes
                0x0000000000000528       0x2c /usr/local/gcc-arm-none-eabi-8-2018-q4-major/bin/../lib/gcc/arm-none-eabi/8.2.1/../../../../arm-none-eabi/lib/thumb/v6-m/nofp/libc.a(lib_a-lock.o)
 .ARM.attributes
                0x0000000000000554       0x2c /usr/local/gcc-arm-none-eabi-8-2018-q4-major/bin/../lib/gcc/arm-none-eabi/8.2.1/../../../../arm-none-eabi/lib/thumb/v6-m/nofp/libc.a(lib_a-mbtowc_r.o)
 .ARM.attributes
                0x0000000000000580       0x2c /usr/local/gcc-arm-none-eabi-8-2018-q4-major/bin/../lib/gcc/arm-none-eabi/8.2.1/../../../../arm-none-eabi/lib/thumb/v6-m/nofp/libc.a(lib_a-memmove.o)
 .ARM.attributes
                0x00000000000005ac       0x2c /usr/local/gcc-arm-none-eabi-8-2018-q4-major/bin/../lib/gcc/arm-none-eabi/8.2.1/../../../../arm-none-eabi/lib/thumb/v6-m/nofp/libc.a(lib_a-memset.o)
 .ARM.attributes
                0x00000000000005d8       0x2c /usr/local/gcc-arm-none-eabi-8-2018-q4-major/bin/../lib/gcc/arm-none-eabi/8.2.1/../../../../arm-none-eabi/lib/thumb/v6-m/nofp/libc.a(lib_a-reallocr.o)
 .ARM.attributes
                0x0000000000000604       0x2c /usr/local/gcc-arm-none-eabi-8-2018-q4-major/bin/../lib/gcc/arm-none-eabi/8.2.1/../../../../arm-none-eabi/lib/thumb/v6-m/nofp/libc.a(lib_a-reent.o)
 .ARM.attributes
                0x0000000000000630       0x2c /usr/local/gcc-arm-none-eabi-8-2018-q4-major/bin/../lib/gcc/arm-none-eabi/8.2.1/../../../../arm-none-eabi/lib/thumb/v6-m/nofp/libc.a(lib_a-wctomb_r.o)
 .ARM.attributes
                0x000000000000065c       0x2c /usr/local/gcc-arm-none-eabi-8-2018-q4-major/bin/../lib/gcc/arm-none-eabi/8.2.1/../../../../arm-none-eabi/lib/thumb/v6-m/nofp/libc.a(lib_a-ctype_.o)
 .ARM.attributes
                0x0000000000000688       0x1e /usr/local/gcc-arm-none-eabi-8-2018-q4-major/bin/../lib/gcc/arm-none-eabi/8.2.1/thumb/v6-m/nofp/libgcc.a(_thumb1_case_uqi.o)
 .ARM.attributes
                0x00000000000006a6       0x1e /usr/local/gcc-arm-none-eabi-8-2018-q4-major/bin/../lib/gcc/arm-none-eabi/8.2.1/thumb/v6-m/nofp/libgcc.a(_udivsi3.o)
 .ARM.attributes
                0x00000000000006c4       0x1e /usr/local/gcc-arm-none-eabi-8-2018-q4-major/bin/../lib/gcc/arm-none-eabi/8.2.1/thumb/v6-m/nofp/libgcc.a(_divsi3.o)
 .ARM.attributes
                0x00000000000006e2       0x1e /usr/local/gcc-arm-none-eabi-8-2018-q4-major/bin/../lib/gcc/arm-none-eabi/8.2.1/thumb/v6-m/nofp/libgcc.a(_dvmd_tls.o)
 .ARM.attributes
                0x0000000000000700       0x1e /usr/local/gcc-arm-none-eabi-8-2018-q4-major/bin/../lib/gcc/arm-none-eabi/8.2.1/thumb/v6-m/nofp/libgcc.a(_arm_cmpdf2.o)
 .ARM.attributes
                0x000000000000071e       0x1e /usr/local/gcc-arm-none-eabi-8-2018-q4-major/bin/../lib/gcc/arm-none-eabi/8.2.1/thumb/v6-m/nofp/libgcc.a(_aeabi_uldivmod.o)
 .ARM.attributes
                0x000000000000073c       0x2c /usr/local/gcc-arm-none-eabi-8-2018-q4-major/bin/../lib/gcc/arm-none-eabi/8.2.1/thumb/v6-m/nofp/libgcc.a(_udivmoddi4.o)
 .ARM.attributes
                0x0000000000000768       0x2c /usr/local/gcc-arm-none-eabi-8-2018-q4-major/bin/../lib/gcc/arm-none-eabi/8.2.1/thumb/v6-m/nofp/libgcc.a(adddf3.o)
 .ARM.attributes
                0x0000000000000794       0x2c /usr/local/gcc-arm-none-eabi-8-2018-q4-major/bin/../lib/gcc/arm-none-eabi/8.2.1/thumb/v6-m/nofp/libgcc.a(divdf3.o)
 .ARM.attributes
                0x00000000000007c0       0x2c /usr/local/gcc-arm-none-eabi-8-2018-q4-major/bin/../lib/gcc/arm-none-eabi/8.2.1/thumb/v6-m/nofp/libgcc.a(eqdf2.o)
 .ARM.attributes
                0x00000000000007ec       0x2c /usr/local/gcc-arm-none-eabi-8-2018-q4-major/bin/../lib/gcc/arm-none-eabi/8.2.1/thumb/v6-m/nofp/libgcc.a(gedf2.o)
 .ARM.attributes
                0x0000000000000818       0x2c /usr/local/gcc-arm-none-eabi-8-2018-q4-major/bin/../lib/gcc/arm-none-eabi/8.2.1/thumb/v6-m/nofp/libgcc.a(ledf2.o)
 .ARM.attributes
                0x0000000000000844       0x2c /usr/local/gcc-arm-none-eabi-8-2018-q4-major/bin/../lib/gcc/arm-none-eabi/8.2.1/thumb/v6-m/nofp/libgcc.a(muldf3.o)
 .ARM.attributes
                0x0000000000000870       0x2c /usr/local/gcc-arm-none-eabi-8-2018-q4-major/bin/../lib/gcc/arm-none-eabi/8.2.1/thumb/v6-m/nofp/libgcc.a(subdf3.o)
 .ARM.attributes
                0x000000000000089c       0x2c /usr/local/gcc-arm-none-eabi-8-2018-q4-major/bin/../lib/gcc/arm-none-eabi/8.2.1/thumb/v6-m/nofp/libgcc.a(unorddf2.o)
 .ARM.attributes
                0x00000000000008c8       0x2c /usr/local/gcc-arm-none-eabi-8-2018-q4-major/bin/../lib/gcc/arm-none-eabi/8.2.1/thumb/v6-m/nofp/libgcc.a(fixdfsi.o)
 .ARM.attributes
                0x00000000000008f4       0x2c /usr/local/gcc-arm-none-eabi-8-2018-q4-major/bin/../lib/gcc/arm-none-eabi/8.2.1/thumb/v6-m/nofp/libgcc.a(floatsidf.o)
 .ARM.attributes
                0x0000000000000920       0x2c /usr/local/gcc-arm-none-eabi-8-2018-q4-major/bin/../lib/gcc/arm-none-eabi/8.2.1/thumb/v6-m/nofp/libgcc.a(floatunsidf.o)
 .ARM.attributes
                0x000000000000094c       0x1e /usr/local/gcc-arm-none-eabi-8-2018-q4-major/bin/../lib/gcc/arm-none-eabi/8.2.1/thumb/v6-m/nofp/libgcc.a(_clzsi2.o)
 .ARM.attributes
                0x000000000000096a       0x1e /usr/local/gcc-arm-none-eabi-8-2018-q4-major/bin/../lib/gcc/arm-none-eabi/8.2.1/thumb/v6-m/nofp/libgcc.a(_clzdi2.o)
 .ARM.attributes
                0x0000000000000988       0x2c /usr/local/gcc-arm-none-eabi-8-2018-q4-major/bin/../lib/gcc/arm-none-eabi/8.2.1/../../../../arm-none-eabi/lib/thumb/v6-m/nofp/libnosys.a(sbrk.o)

.debug_frame    0x0000000000000000     0x14b4
 .debug_frame   0x0000000000000000       0xc0 draw.o
 .debug_frame   0x00000000000000c0      0x108 ../libopencm3//lib/libopencm3_efm32hg.a(cmu.o)
 .debug_frame   0x00000000000001c8       0xe4 ../libopencm3//lib/libopencm3_efm32hg.a(gpio_common_hglg.o)
 .debug_frame   0x00000000000002ac       0x8c ../libopencm3//lib/libopencm3_efm32hg.a(i2c_common_hglg.o)
 .debug_frame   0x0000000000000338      0x15c ../libopencm3//lib/libopencm3_efm32hg.a(usb.o)
 .debug_frame   0x0000000000000494      0x110 ../libopencm3//lib/libopencm3_efm32hg.a(usb_control.o)
 .debug_frame   0x00000000000005a4      0x1b8 ../libopencm3//lib/libopencm3_efm32hg.a(usb_standard.o)
 .debug_frame   0x000000000000075c       0x2c ../libopencm3//lib/libopencm3_efm32hg.a(usb_efm32hg.o)
 .debug_frame   0x0000000000000788       0x40 ../libopencm3//lib/libopencm3_efm32hg.a(vector.o)
 .debug_frame   0x00000000000007c8       0x80 ../libopencm3//lib/libopencm3_efm32hg.a(nvic.o)
 .debug_frame   0x0000000000000848      0x10c ../libopencm3//lib/libopencm3_efm32hg.a(usb_dwc_common.o)
 .debug_frame   0x0000000000000954       0x34 /usr/local/gcc-arm-none-eabi-8-2018-q4-major/bin/../lib/gcc/arm-none-eabi/8.2.1/../../../../arm-none-eabi/lib/thumb/v6-m/nofp/libc.a(lib_a-memcpy-stub.o)
 .debug_frame   0x0000000000000988       0x28 /usr/local/gcc-arm-none-eabi-8-2018-q4-major/bin/../lib/gcc/arm-none-eabi/8.2.1/../../../../arm-none-eabi/lib/thumb/v6-m/nofp/libc.a(lib_a-strlen-stub.o)
 .debug_frame   0x00000000000009b0       0x28 /usr/local/gcc-arm-none-eabi-8-2018-q4-major/bin/../lib/gcc/arm-none-eabi/8.2.1/../../../../arm-none-eabi/lib/thumb/v6-m/nofp/libc.a(lib_a-strnlen.o)
 .debug_frame   0x00000000000009d8       0x48 /usr/local/gcc-arm-none-eabi-8-2018-q4-major/bin/../lib/gcc/arm-none-eabi/8.2.1/../../../../arm-none-eabi/lib/thumb/v6-m/nofp/libc.a(lib_a-vsnprintf.o)
 .debug_frame   0x0000000000000a20       0x3c /usr/local/gcc-arm-none-eabi-8-2018-q4-major/bin/../lib/gcc/arm-none-eabi/8.2.1/../../../../arm-none-eabi/lib/thumb/v6-m/nofp/libc.a(lib_a-svfprintf.o)
 .debug_frame   0x0000000000000a5c       0x68 /usr/local/gcc-arm-none-eabi-8-2018-q4-major/bin/../lib/gcc/arm-none-eabi/8.2.1/../../../../arm-none-eabi/lib/thumb/v6-m/nofp/libc.a(lib_a-dtoa.o)
 .debug_frame   0x0000000000000ac4       0x58 /usr/local/gcc-arm-none-eabi-8-2018-q4-major/bin/../lib/gcc/arm-none-eabi/8.2.1/../../../../arm-none-eabi/lib/thumb/v6-m/nofp/libc.a(lib_a-freer.o)
 .debug_frame   0x0000000000000b1c       0x40 /usr/local/gcc-arm-none-eabi-8-2018-q4-major/bin/../lib/gcc/arm-none-eabi/8.2.1/../../../../arm-none-eabi/lib/thumb/v6-m/nofp/libc.a(lib_a-localeconv.o)
 .debug_frame   0x0000000000000b5c       0x3c /usr/local/gcc-arm-none-eabi-8-2018-q4-major/bin/../lib/gcc/arm-none-eabi/8.2.1/../../../../arm-none-eabi/lib/thumb/v6-m/nofp/libc.a(lib_a-mallocr.o)
 .debug_frame   0x0000000000000b98       0x2c /usr/local/gcc-arm-none-eabi-8-2018-q4-major/bin/../lib/gcc/arm-none-eabi/8.2.1/../../../../arm-none-eabi/lib/thumb/v6-m/nofp/libc.a(lib_a-memchr-stub.o)
 .debug_frame   0x0000000000000bc4       0x40 /usr/local/gcc-arm-none-eabi-8-2018-q4-major/bin/../lib/gcc/arm-none-eabi/8.2.1/../../../../arm-none-eabi/lib/thumb/v6-m/nofp/libc.a(lib_a-mlock.o)
 .debug_frame   0x0000000000000c04      0x258 /usr/local/gcc-arm-none-eabi-8-2018-q4-major/bin/../lib/gcc/arm-none-eabi/8.2.1/../../../../arm-none-eabi/lib/thumb/v6-m/nofp/libc.a(lib_a-mprec.o)
 .debug_frame   0x0000000000000e5c       0x2c /usr/local/gcc-arm-none-eabi-8-2018-q4-major/bin/../lib/gcc/arm-none-eabi/8.2.1/../../../../arm-none-eabi/lib/thumb/v6-m/nofp/libc.a(lib_a-s_frexp.o)
 .debug_frame   0x0000000000000e88       0x2c /usr/local/gcc-arm-none-eabi-8-2018-q4-major/bin/../lib/gcc/arm-none-eabi/8.2.1/../../../../arm-none-eabi/lib/thumb/v6-m/nofp/libc.a(lib_a-sbrkr.o)
 .debug_frame   0x0000000000000eb4       0x30 /usr/local/gcc-arm-none-eabi-8-2018-q4-major/bin/../lib/gcc/arm-none-eabi/8.2.1/../../../../arm-none-eabi/lib/thumb/v6-m/nofp/libc.a(lib_a-strncpy.o)
 .debug_frame   0x0000000000000ee4       0x68 /usr/local/gcc-arm-none-eabi-8-2018-q4-major/bin/../lib/gcc/arm-none-eabi/8.2.1/../../../../arm-none-eabi/lib/thumb/v6-m/nofp/libc.a(lib_a-svfiprintf.o)
 .debug_frame   0x0000000000000f4c       0x28 /usr/local/gcc-arm-none-eabi-8-2018-q4-major/bin/../lib/gcc/arm-none-eabi/8.2.1/../../../../arm-none-eabi/lib/thumb/v6-m/nofp/libc.a(lib_a-callocr.o)
 .debug_frame   0x0000000000000f74       0x54 /usr/local/gcc-arm-none-eabi-8-2018-q4-major/bin/../lib/gcc/arm-none-eabi/8.2.1/../../../../arm-none-eabi/lib/thumb/v6-m/nofp/libc.a(lib_a-locale.o)
 .debug_frame   0x0000000000000fc8       0xb0 /usr/local/gcc-arm-none-eabi-8-2018-q4-major/bin/../lib/gcc/arm-none-eabi/8.2.1/../../../../arm-none-eabi/lib/thumb/v6-m/nofp/libc.a(lib_a-lock.o)
 .debug_frame   0x0000000000001078       0x40 /usr/local/gcc-arm-none-eabi-8-2018-q4-major/bin/../lib/gcc/arm-none-eabi/8.2.1/../../../../arm-none-eabi/lib/thumb/v6-m/nofp/libc.a(lib_a-mbtowc_r.o)
 .debug_frame   0x00000000000010b8       0x30 /usr/local/gcc-arm-none-eabi-8-2018-q4-major/bin/../lib/gcc/arm-none-eabi/8.2.1/../../../../arm-none-eabi/lib/thumb/v6-m/nofp/libc.a(lib_a-memmove.o)
 .debug_frame   0x00000000000010e8       0x30 /usr/local/gcc-arm-none-eabi-8-2018-q4-major/bin/../lib/gcc/arm-none-eabi/8.2.1/../../../../arm-none-eabi/lib/thumb/v6-m/nofp/libc.a(lib_a-memset.o)
 .debug_frame   0x0000000000001118       0x3c /usr/local/gcc-arm-none-eabi-8-2018-q4-major/bin/../lib/gcc/arm-none-eabi/8.2.1/../../../../arm-none-eabi/lib/thumb/v6-m/nofp/libc.a(lib_a-reallocr.o)
 .debug_frame   0x0000000000001154       0x48 /usr/local/gcc-arm-none-eabi-8-2018-q4-major/bin/../lib/gcc/arm-none-eabi/8.2.1/../../../../arm-none-eabi/lib/thumb/v6-m/nofp/libc.a(lib_a-reent.o)
 .debug_frame   0x000000000000119c       0x3c /usr/local/gcc-arm-none-eabi-8-2018-q4-major/bin/../lib/gcc/arm-none-eabi/8.2.1/../../../../arm-none-eabi/lib/thumb/v6-m/nofp/libc.a(lib_a-wctomb_r.o)
 .debug_frame   0x00000000000011d8       0x20 /usr/local/gcc-arm-none-eabi-8-2018-q4-major/bin/../lib/gcc/arm-none-eabi/8.2.1/thumb/v6-m/nofp/libgcc.a(_udivsi3.o)
 .debug_frame   0x00000000000011f8       0x20 /usr/local/gcc-arm-none-eabi-8-2018-q4-major/bin/../lib/gcc/arm-none-eabi/8.2.1/thumb/v6-m/nofp/libgcc.a(_divsi3.o)
 .debug_frame   0x0000000000001218       0x3c /usr/local/gcc-arm-none-eabi-8-2018-q4-major/bin/../lib/gcc/arm-none-eabi/8.2.1/thumb/v6-m/nofp/libgcc.a(_udivmoddi4.o)
 .debug_frame   0x0000000000001254       0x38 /usr/local/gcc-arm-none-eabi-8-2018-q4-major/bin/../lib/gcc/arm-none-eabi/8.2.1/thumb/v6-m/nofp/libgcc.a(adddf3.o)
 .debug_frame   0x000000000000128c       0x3c /usr/local/gcc-arm-none-eabi-8-2018-q4-major/bin/../lib/gcc/arm-none-eabi/8.2.1/thumb/v6-m/nofp/libgcc.a(divdf3.o)
 .debug_frame   0x00000000000012c8       0x38 /usr/local/gcc-arm-none-eabi-8-2018-q4-major/bin/../lib/gcc/arm-none-eabi/8.2.1/thumb/v6-m/nofp/libgcc.a(eqdf2.o)
 .debug_frame   0x0000000000001300       0x38 /usr/local/gcc-arm-none-eabi-8-2018-q4-major/bin/../lib/gcc/arm-none-eabi/8.2.1/thumb/v6-m/nofp/libgcc.a(gedf2.o)
 .debug_frame   0x0000000000001338       0x38 /usr/local/gcc-arm-none-eabi-8-2018-q4-major/bin/../lib/gcc/arm-none-eabi/8.2.1/thumb/v6-m/nofp/libgcc.a(ledf2.o)
 .debug_frame   0x0000000000001370       0x3c /usr/local/gcc-arm-none-eabi-8-2018-q4-major/bin/../lib/gcc/arm-none-eabi/8.2.1/thumb/v6-m/nofp/libgcc.a(muldf3.o)
 .debug_frame   0x00000000000013ac       0x3c /usr/local/gcc-arm-none-eabi-8-2018-q4-major/bin/../lib/gcc/arm-none-eabi/8.2.1/thumb/v6-m/nofp/libgcc.a(subdf3.o)
 .debug_frame   0x00000000000013e8       0x2c /usr/local/gcc-arm-none-eabi-8-2018-q4-major/bin/../lib/gcc/arm-none-eabi/8.2.1/thumb/v6-m/nofp/libgcc.a(unorddf2.o)
 .debug_frame   0x0000000000001414       0x2c /usr/local/gcc-arm-none-eabi-8-2018-q4-major/bin/../lib/gcc/arm-none-eabi/8.2.1/thumb/v6-m/nofp/libgcc.a(fixdfsi.o)
 .debug_frame   0x0000000000001440       0x2c /usr/local/gcc-arm-none-eabi-8-2018-q4-major/bin/../lib/gcc/arm-none-eabi/8.2.1/thumb/v6-m/nofp/libgcc.a(floatsidf.o)
 .debug_frame   0x000000000000146c       0x28 /usr/local/gcc-arm-none-eabi-8-2018-q4-major/bin/../lib/gcc/arm-none-eabi/8.2.1/thumb/v6-m/nofp/libgcc.a(floatunsidf.o)
 .debug_frame   0x0000000000001494       0x20 /usr/local/gcc-arm-none-eabi-8-2018-q4-major/bin/../lib/gcc/arm-none-eabi/8.2.1/../../../../arm-none-eabi/lib/thumb/v6-m/nofp/libnosys.a(sbrk.o)

Cross Reference Table

Symbol                                            File
_Balloc                                           /usr/local/gcc-arm-none-eabi-8-2018-q4-major/bin/../lib/gcc/arm-none-eabi/8.2.1/../../../../arm-none-eabi/lib/thumb/v6-m/nofp/libc.a(lib_a-mprec.o)
                                                  /usr/local/gcc-arm-none-eabi-8-2018-q4-major/bin/../lib/gcc/arm-none-eabi/8.2.1/../../../../arm-none-eabi/lib/thumb/v6-m/nofp/libc.a(lib_a-dtoa.o)
_Bfree                                            /usr/local/gcc-arm-none-eabi-8-2018-q4-major/bin/../lib/gcc/arm-none-eabi/8.2.1/../../../../arm-none-eabi/lib/thumb/v6-m/nofp/libc.a(lib_a-mprec.o)
                                                  /usr/local/gcc-arm-none-eabi-8-2018-q4-major/bin/../lib/gcc/arm-none-eabi/8.2.1/../../../../arm-none-eabi/lib/thumb/v6-m/nofp/libc.a(lib_a-dtoa.o)
_PathLocale                                       /usr/local/gcc-arm-none-eabi-8-2018-q4-major/bin/../lib/gcc/arm-none-eabi/8.2.1/../../../../arm-none-eabi/lib/thumb/v6-m/nofp/libc.a(lib_a-locale.o)
__aeabi_cdcmpeq                                   /usr/local/gcc-arm-none-eabi-8-2018-q4-major/bin/../lib/gcc/arm-none-eabi/8.2.1/thumb/v6-m/nofp/libgcc.a(_arm_cmpdf2.o)
__aeabi_cdcmple                                   /usr/local/gcc-arm-none-eabi-8-2018-q4-major/bin/../lib/gcc/arm-none-eabi/8.2.1/thumb/v6-m/nofp/libgcc.a(_arm_cmpdf2.o)
__aeabi_cdrcmple                                  /usr/local/gcc-arm-none-eabi-8-2018-q4-major/bin/../lib/gcc/arm-none-eabi/8.2.1/thumb/v6-m/nofp/libgcc.a(_arm_cmpdf2.o)
__aeabi_d2iz                                      /usr/local/gcc-arm-none-eabi-8-2018-q4-major/bin/../lib/gcc/arm-none-eabi/8.2.1/thumb/v6-m/nofp/libgcc.a(fixdfsi.o)
                                                  /usr/local/gcc-arm-none-eabi-8-2018-q4-major/bin/../lib/gcc/arm-none-eabi/8.2.1/../../../../arm-none-eabi/lib/thumb/v6-m/nofp/libc.a(lib_a-dtoa.o)
                                                  /usr/local/gcc-arm-none-eabi-8-2018-q4-major/bin/../lib/gcc/arm-none-eabi/8.2.1/../../../../arm-none-eabi/lib/thumb/v6-m/nofp/libc.a(lib_a-svfprintf.o)
__aeabi_dadd                                      /usr/local/gcc-arm-none-eabi-8-2018-q4-major/bin/../lib/gcc/arm-none-eabi/8.2.1/thumb/v6-m/nofp/libgcc.a(adddf3.o)
                                                  /usr/local/gcc-arm-none-eabi-8-2018-q4-major/bin/../lib/gcc/arm-none-eabi/8.2.1/../../../../arm-none-eabi/lib/thumb/v6-m/nofp/libc.a(lib_a-dtoa.o)
__aeabi_dcmpeq                                    /usr/local/gcc-arm-none-eabi-8-2018-q4-major/bin/../lib/gcc/arm-none-eabi/8.2.1/thumb/v6-m/nofp/libgcc.a(_arm_cmpdf2.o)
                                                  /usr/local/gcc-arm-none-eabi-8-2018-q4-major/bin/../lib/gcc/arm-none-eabi/8.2.1/../../../../arm-none-eabi/lib/thumb/v6-m/nofp/libc.a(lib_a-dtoa.o)
                                                  /usr/local/gcc-arm-none-eabi-8-2018-q4-major/bin/../lib/gcc/arm-none-eabi/8.2.1/../../../../arm-none-eabi/lib/thumb/v6-m/nofp/libc.a(lib_a-svfprintf.o)
__aeabi_dcmpge                                    /usr/local/gcc-arm-none-eabi-8-2018-q4-major/bin/../lib/gcc/arm-none-eabi/8.2.1/thumb/v6-m/nofp/libgcc.a(_arm_cmpdf2.o)
                                                  /usr/local/gcc-arm-none-eabi-8-2018-q4-major/bin/../lib/gcc/arm-none-eabi/8.2.1/../../../../arm-none-eabi/lib/thumb/v6-m/nofp/libc.a(lib_a-dtoa.o)
__aeabi_dcmpgt                                    /usr/local/gcc-arm-none-eabi-8-2018-q4-major/bin/../lib/gcc/arm-none-eabi/8.2.1/thumb/v6-m/nofp/libgcc.a(_arm_cmpdf2.o)
                                                  /usr/local/gcc-arm-none-eabi-8-2018-q4-major/bin/../lib/gcc/arm-none-eabi/8.2.1/../../../../arm-none-eabi/lib/thumb/v6-m/nofp/libc.a(lib_a-dtoa.o)
                                                  /usr/local/gcc-arm-none-eabi-8-2018-q4-major/bin/../lib/gcc/arm-none-eabi/8.2.1/../../../../arm-none-eabi/lib/thumb/v6-m/nofp/libc.a(lib_a-svfprintf.o)
__aeabi_dcmple                                    /usr/local/gcc-arm-none-eabi-8-2018-q4-major/bin/../lib/gcc/arm-none-eabi/8.2.1/thumb/v6-m/nofp/libgcc.a(_arm_cmpdf2.o)
                                                  /usr/local/gcc-arm-none-eabi-8-2018-q4-major/bin/../lib/gcc/arm-none-eabi/8.2.1/../../../../arm-none-eabi/lib/thumb/v6-m/nofp/libc.a(lib_a-svfprintf.o)
__aeabi_dcmplt                                    /usr/local/gcc-arm-none-eabi-8-2018-q4-major/bin/../lib/gcc/arm-none-eabi/8.2.1/thumb/v6-m/nofp/libgcc.a(_arm_cmpdf2.o)
                                                  /usr/local/gcc-arm-none-eabi-8-2018-q4-major/bin/../lib/gcc/arm-none-eabi/8.2.1/../../../../arm-none-eabi/lib/thumb/v6-m/nofp/libc.a(lib_a-dtoa.o)
                                                  /usr/local/gcc-arm-none-eabi-8-2018-q4-major/bin/../lib/gcc/arm-none-eabi/8.2.1/../../../../arm-none-eabi/lib/thumb/v6-m/nofp/libc.a(lib_a-svfprintf.o)
__aeabi_dcmpun                                    /usr/local/gcc-arm-none-eabi-8-2018-q4-major/bin/../lib/gcc/arm-none-eabi/8.2.1/thumb/v6-m/nofp/libgcc.a(unorddf2.o)
                                                  /usr/local/gcc-arm-none-eabi-8-2018-q4-major/bin/../lib/gcc/arm-none-eabi/8.2.1/../../../../arm-none-eabi/lib/thumb/v6-m/nofp/libc.a(lib_a-svfprintf.o)
__aeabi_ddiv                                      /usr/local/gcc-arm-none-eabi-8-2018-q4-major/bin/../lib/gcc/arm-none-eabi/8.2.1/thumb/v6-m/nofp/libgcc.a(divdf3.o)
                                                  /usr/local/gcc-arm-none-eabi-8-2018-q4-major/bin/../lib/gcc/arm-none-eabi/8.2.1/../../../../arm-none-eabi/lib/thumb/v6-m/nofp/libc.a(lib_a-mprec.o)
                                                  /usr/local/gcc-arm-none-eabi-8-2018-q4-major/bin/../lib/gcc/arm-none-eabi/8.2.1/../../../../arm-none-eabi/lib/thumb/v6-m/nofp/libc.a(lib_a-dtoa.o)
__aeabi_dmul                                      /usr/local/gcc-arm-none-eabi-8-2018-q4-major/bin/../lib/gcc/arm-none-eabi/8.2.1/thumb/v6-m/nofp/libgcc.a(muldf3.o)
                                                  /usr/local/gcc-arm-none-eabi-8-2018-q4-major/bin/../lib/gcc/arm-none-eabi/8.2.1/../../../../arm-none-eabi/lib/thumb/v6-m/nofp/libc.a(lib_a-s_frexp.o)
                                                  /usr/local/gcc-arm-none-eabi-8-2018-q4-major/bin/../lib/gcc/arm-none-eabi/8.2.1/../../../../arm-none-eabi/lib/thumb/v6-m/nofp/libc.a(lib_a-mprec.o)
                                                  /usr/local/gcc-arm-none-eabi-8-2018-q4-major/bin/../lib/gcc/arm-none-eabi/8.2.1/../../../../arm-none-eabi/lib/thumb/v6-m/nofp/libc.a(lib_a-dtoa.o)
                                                  /usr/local/gcc-arm-none-eabi-8-2018-q4-major/bin/../lib/gcc/arm-none-eabi/8.2.1/../../../../arm-none-eabi/lib/thumb/v6-m/nofp/libc.a(lib_a-svfprintf.o)
__aeabi_dsub                                      /usr/local/gcc-arm-none-eabi-8-2018-q4-major/bin/../lib/gcc/arm-none-eabi/8.2.1/thumb/v6-m/nofp/libgcc.a(subdf3.o)
                                                  /usr/local/gcc-arm-none-eabi-8-2018-q4-major/bin/../lib/gcc/arm-none-eabi/8.2.1/../../../../arm-none-eabi/lib/thumb/v6-m/nofp/libc.a(lib_a-dtoa.o)
                                                  /usr/local/gcc-arm-none-eabi-8-2018-q4-major/bin/../lib/gcc/arm-none-eabi/8.2.1/../../../../arm-none-eabi/lib/thumb/v6-m/nofp/libc.a(lib_a-svfprintf.o)
__aeabi_i2d                                       /usr/local/gcc-arm-none-eabi-8-2018-q4-major/bin/../lib/gcc/arm-none-eabi/8.2.1/thumb/v6-m/nofp/libgcc.a(floatsidf.o)
                                                  /usr/local/gcc-arm-none-eabi-8-2018-q4-major/bin/../lib/gcc/arm-none-eabi/8.2.1/../../../../arm-none-eabi/lib/thumb/v6-m/nofp/libc.a(lib_a-dtoa.o)
                                                  /usr/local/gcc-arm-none-eabi-8-2018-q4-major/bin/../lib/gcc/arm-none-eabi/8.2.1/../../../../arm-none-eabi/lib/thumb/v6-m/nofp/libc.a(lib_a-svfprintf.o)
__aeabi_idiv                                      /usr/local/gcc-arm-none-eabi-8-2018-q4-major/bin/../lib/gcc/arm-none-eabi/8.2.1/thumb/v6-m/nofp/libgcc.a(_divsi3.o)
                                                  /usr/local/gcc-arm-none-eabi-8-2018-q4-major/bin/../lib/gcc/arm-none-eabi/8.2.1/../../../../arm-none-eabi/lib/thumb/v6-m/nofp/libc.a(lib_a-mprec.o)
                                                  /usr/local/gcc-arm-none-eabi-8-2018-q4-major/bin/../lib/gcc/arm-none-eabi/8.2.1/../../../../arm-none-eabi/lib/thumb/v6-m/nofp/libc.a(lib_a-svfprintf.o)
__aeabi_idiv0                                     /usr/local/gcc-arm-none-eabi-8-2018-q4-major/bin/../lib/gcc/arm-none-eabi/8.2.1/thumb/v6-m/nofp/libgcc.a(_dvmd_tls.o)
                                                  /usr/local/gcc-arm-none-eabi-8-2018-q4-major/bin/../lib/gcc/arm-none-eabi/8.2.1/thumb/v6-m/nofp/libgcc.a(_divsi3.o)
                                                  /usr/local/gcc-arm-none-eabi-8-2018-q4-major/bin/../lib/gcc/arm-none-eabi/8.2.1/thumb/v6-m/nofp/libgcc.a(_udivsi3.o)
__aeabi_idivmod                                   /usr/local/gcc-arm-none-eabi-8-2018-q4-major/bin/../lib/gcc/arm-none-eabi/8.2.1/thumb/v6-m/nofp/libgcc.a(_divsi3.o)
                                                  /usr/local/gcc-arm-none-eabi-8-2018-q4-major/bin/../lib/gcc/arm-none-eabi/8.2.1/../../../../arm-none-eabi/lib/thumb/v6-m/nofp/libc.a(lib_a-svfprintf.o)
                                                  ../libopencm3//lib/libopencm3_efm32hg.a(usb_control.o)
__aeabi_ldiv0                                     /usr/local/gcc-arm-none-eabi-8-2018-q4-major/bin/../lib/gcc/arm-none-eabi/8.2.1/thumb/v6-m/nofp/libgcc.a(_dvmd_tls.o)
                                                  /usr/local/gcc-arm-none-eabi-8-2018-q4-major/bin/../lib/gcc/arm-none-eabi/8.2.1/thumb/v6-m/nofp/libgcc.a(_aeabi_uldivmod.o)
__aeabi_ui2d                                      /usr/local/gcc-arm-none-eabi-8-2018-q4-major/bin/../lib/gcc/arm-none-eabi/8.2.1/thumb/v6-m/nofp/libgcc.a(floatunsidf.o)
                                                  /usr/local/gcc-arm-none-eabi-8-2018-q4-major/bin/../lib/gcc/arm-none-eabi/8.2.1/../../../../arm-none-eabi/lib/thumb/v6-m/nofp/libc.a(lib_a-dtoa.o)
__aeabi_uidiv                                     /usr/local/gcc-arm-none-eabi-8-2018-q4-major/bin/../lib/gcc/arm-none-eabi/8.2.1/thumb/v6-m/nofp/libgcc.a(_udivsi3.o)
                                                  /usr/local/gcc-arm-none-eabi-8-2018-q4-major/bin/../lib/gcc/arm-none-eabi/8.2.1/../../../../arm-none-eabi/lib/thumb/v6-m/nofp/libc.a(lib_a-dtoa.o)
                                                  ../libopencm3//lib/libopencm3_efm32hg.a(i2c_common_hglg.o)
__aeabi_uidivmod                                  /usr/local/gcc-arm-none-eabi-8-2018-q4-major/bin/../lib/gcc/arm-none-eabi/8.2.1/thumb/v6-m/nofp/libgcc.a(_udivsi3.o)
                                                  /usr/local/gcc-arm-none-eabi-8-2018-q4-major/bin/../lib/gcc/arm-none-eabi/8.2.1/thumb/v6-m/nofp/libgcc.a(divdf3.o)
                                                  ../libopencm3//lib/libopencm3_efm32hg.a(usb_control.o)
__aeabi_uldivmod                                  /usr/local/gcc-arm-none-eabi-8-2018-q4-major/bin/../lib/gcc/arm-none-eabi/8.2.1/thumb/v6-m/nofp/libgcc.a(_aeabi_uldivmod.o)
                                                  /usr/local/gcc-arm-none-eabi-8-2018-q4-major/bin/../lib/gcc/arm-none-eabi/8.2.1/../../../../arm-none-eabi/lib/thumb/v6-m/nofp/libc.a(lib_a-svfiprintf.o)
                                                  /usr/local/gcc-arm-none-eabi-8-2018-q4-major/bin/../lib/gcc/arm-none-eabi/8.2.1/../../../../arm-none-eabi/lib/thumb/v6-m/nofp/libc.a(lib_a-svfprintf.o)
__any_on                                          /usr/local/gcc-arm-none-eabi-8-2018-q4-major/bin/../lib/gcc/arm-none-eabi/8.2.1/../../../../arm-none-eabi/lib/thumb/v6-m/nofp/libc.a(lib_a-mprec.o)
__ascii_mbtowc                                    /usr/local/gcc-arm-none-eabi-8-2018-q4-major/bin/../lib/gcc/arm-none-eabi/8.2.1/../../../../arm-none-eabi/lib/thumb/v6-m/nofp/libc.a(lib_a-mbtowc_r.o)
                                                  /usr/local/gcc-arm-none-eabi-8-2018-q4-major/bin/../lib/gcc/arm-none-eabi/8.2.1/../../../../arm-none-eabi/lib/thumb/v6-m/nofp/libc.a(lib_a-locale.o)
__ascii_wctomb                                    /usr/local/gcc-arm-none-eabi-8-2018-q4-major/bin/../lib/gcc/arm-none-eabi/8.2.1/../../../../arm-none-eabi/lib/thumb/v6-m/nofp/libc.a(lib_a-wctomb_r.o)
                                                  /usr/local/gcc-arm-none-eabi-8-2018-q4-major/bin/../lib/gcc/arm-none-eabi/8.2.1/../../../../arm-none-eabi/lib/thumb/v6-m/nofp/libc.a(lib_a-locale.o)
__b2d                                             /usr/local/gcc-arm-none-eabi-8-2018-q4-major/bin/../lib/gcc/arm-none-eabi/8.2.1/../../../../arm-none-eabi/lib/thumb/v6-m/nofp/libc.a(lib_a-mprec.o)
__clzdi2                                          /usr/local/gcc-arm-none-eabi-8-2018-q4-major/bin/../lib/gcc/arm-none-eabi/8.2.1/thumb/v6-m/nofp/libgcc.a(_clzdi2.o)
                                                  /usr/local/gcc-arm-none-eabi-8-2018-q4-major/bin/../lib/gcc/arm-none-eabi/8.2.1/thumb/v6-m/nofp/libgcc.a(_udivmoddi4.o)
__clzsi2                                          /usr/local/gcc-arm-none-eabi-8-2018-q4-major/bin/../lib/gcc/arm-none-eabi/8.2.1/thumb/v6-m/nofp/libgcc.a(_clzsi2.o)
                                                  /usr/local/gcc-arm-none-eabi-8-2018-q4-major/bin/../lib/gcc/arm-none-eabi/8.2.1/thumb/v6-m/nofp/libgcc.a(_clzdi2.o)
                                                  /usr/local/gcc-arm-none-eabi-8-2018-q4-major/bin/../lib/gcc/arm-none-eabi/8.2.1/thumb/v6-m/nofp/libgcc.a(floatunsidf.o)
                                                  /usr/local/gcc-arm-none-eabi-8-2018-q4-major/bin/../lib/gcc/arm-none-eabi/8.2.1/thumb/v6-m/nofp/libgcc.a(floatsidf.o)
                                                  /usr/local/gcc-arm-none-eabi-8-2018-q4-major/bin/../lib/gcc/arm-none-eabi/8.2.1/thumb/v6-m/nofp/libgcc.a(subdf3.o)
                                                  /usr/local/gcc-arm-none-eabi-8-2018-q4-major/bin/../lib/gcc/arm-none-eabi/8.2.1/thumb/v6-m/nofp/libgcc.a(muldf3.o)
                                                  /usr/local/gcc-arm-none-eabi-8-2018-q4-major/bin/../lib/gcc/arm-none-eabi/8.2.1/thumb/v6-m/nofp/libgcc.a(divdf3.o)
                                                  /usr/local/gcc-arm-none-eabi-8-2018-q4-major/bin/../lib/gcc/arm-none-eabi/8.2.1/thumb/v6-m/nofp/libgcc.a(adddf3.o)
__copybits                                        /usr/local/gcc-arm-none-eabi-8-2018-q4-major/bin/../lib/gcc/arm-none-eabi/8.2.1/../../../../arm-none-eabi/lib/thumb/v6-m/nofp/libc.a(lib_a-mprec.o)
__d2b                                             /usr/local/gcc-arm-none-eabi-8-2018-q4-major/bin/../lib/gcc/arm-none-eabi/8.2.1/../../../../arm-none-eabi/lib/thumb/v6-m/nofp/libc.a(lib_a-mprec.o)
                                                  /usr/local/gcc-arm-none-eabi-8-2018-q4-major/bin/../lib/gcc/arm-none-eabi/8.2.1/../../../../arm-none-eabi/lib/thumb/v6-m/nofp/libc.a(lib_a-dtoa.o)
__divsi3                                          /usr/local/gcc-arm-none-eabi-8-2018-q4-major/bin/../lib/gcc/arm-none-eabi/8.2.1/thumb/v6-m/nofp/libgcc.a(_divsi3.o)
__eqdf2                                           /usr/local/gcc-arm-none-eabi-8-2018-q4-major/bin/../lib/gcc/arm-none-eabi/8.2.1/thumb/v6-m/nofp/libgcc.a(eqdf2.o)
                                                  /usr/local/gcc-arm-none-eabi-8-2018-q4-major/bin/../lib/gcc/arm-none-eabi/8.2.1/thumb/v6-m/nofp/libgcc.a(_arm_cmpdf2.o)
__fini_array_end                                  ../libopencm3//lib/libopencm3_efm32hg.a(vector.o)
__fini_array_start                                ../libopencm3//lib/libopencm3_efm32hg.a(vector.o)
__gedf2                                           /usr/local/gcc-arm-none-eabi-8-2018-q4-major/bin/../lib/gcc/arm-none-eabi/8.2.1/thumb/v6-m/nofp/libgcc.a(gedf2.o)
                                                  /usr/local/gcc-arm-none-eabi-8-2018-q4-major/bin/../lib/gcc/arm-none-eabi/8.2.1/thumb/v6-m/nofp/libgcc.a(_arm_cmpdf2.o)
__global_locale                                   /usr/local/gcc-arm-none-eabi-8-2018-q4-major/bin/../lib/gcc/arm-none-eabi/8.2.1/../../../../arm-none-eabi/lib/thumb/v6-m/nofp/libc.a(lib_a-locale.o)
                                                  /usr/local/gcc-arm-none-eabi-8-2018-q4-major/bin/../lib/gcc/arm-none-eabi/8.2.1/../../../../arm-none-eabi/lib/thumb/v6-m/nofp/libc.a(lib_a-wctomb_r.o)
                                                  /usr/local/gcc-arm-none-eabi-8-2018-q4-major/bin/../lib/gcc/arm-none-eabi/8.2.1/../../../../arm-none-eabi/lib/thumb/v6-m/nofp/libc.a(lib_a-mbtowc_r.o)
                                                  /usr/local/gcc-arm-none-eabi-8-2018-q4-major/bin/../lib/gcc/arm-none-eabi/8.2.1/../../../../arm-none-eabi/lib/thumb/v6-m/nofp/libc.a(lib_a-localeconv.o)
__gnu_thumb1_case_uqi                             /usr/local/gcc-arm-none-eabi-8-2018-q4-major/bin/../lib/gcc/arm-none-eabi/8.2.1/thumb/v6-m/nofp/libgcc.a(_thumb1_case_uqi.o)
                                                  ../libopencm3//lib/libopencm3_efm32hg.a(usb_standard.o)
                                                  ../libopencm3//lib/libopencm3_efm32hg.a(cmu.o)
__gtdf2                                           /usr/local/gcc-arm-none-eabi-8-2018-q4-major/bin/../lib/gcc/arm-none-eabi/8.2.1/thumb/v6-m/nofp/libgcc.a(gedf2.o)